******************************************************************************
                  TI ARM Linker PC v20.2.7                     
******************************************************************************
>> Linked Fri Oct 20 22:38:19 2023

OUTPUT FILE NAME:   <BootLoader_InitialRelese.out>
ENTRY POINT SYMBOL: "_c_int00_noargs"  address: 00001295


MEMORY CONFIGURATION

         name            origin    length      used     unused   attr    fill
----------------------  --------  ---------  --------  --------  ----  --------
  FLASH                 00000000   00040000  000015e4  0003ea1c  R  X
  SRAM                  20000000   00008000  00007c6a  00000396  RW X


SEGMENT ALLOCATION MAP

run origin  load origin   length   init length attrs members
----------  ----------- ---------- ----------- ----- -------
00000000    00000000    000015e8   000015e8    r-x
  00000000    00000000    0000026c   0000026c    r-- .intvecs
  0000026c    0000026c    000011fc   000011fc    r-x .text
  00001468    00001468    00000134   00000134    r-- .const
  000015a0    000015a0    00000048   00000048    r-- .cinit
20000000    20000000    00007c6c   00000000    rw-
  20000000    20000000    0000026c   00000000    rw- .vtable
  2000026c    2000026c    000077fa   00000000    rw- .data
  20007a68    20007a68    00000200   00000000    rw- .stack
  20007c68    20007c68    00000004   00000000    rw- .bss


SECTION ALLOCATION MAP

 output                                  attributes/
section   page    origin      length       input sections
--------  ----  ----------  ----------   ----------------
.intvecs   0    00000000    0000026c     
                  00000000    0000026c     tm4c123gh6pm_startup_ccs.obj (.intvecs)

.text      0    0000026c    000011fc     
                  0000026c    00000240     Hex_Recieve.obj (.text)
                  000004ac    0000016c     driverlib.lib : gpio.obj (.text:GPIOPadConfigSet)
                  00000618    00000130                   : can.obj (.text:CANMessageSet)
                  00000748    00000118                   : sysctl.obj (.text:SysCtlClockGet)
                  00000860    00000116                   : can.obj (.text:CANMessageGet)
                  00000976    00000002     --HOLE-- [fill = 0]
                  00000978    00000110     main.obj (.text)
                  00000a88    000000c4     driverlib.lib : eeprom.obj (.text:EEPROMProgram)
                  00000b4c    000000bc     Program.obj (.text)
                  00000c08    0000009c     rtsv7M4_T_le_v4SPD16_eabi.lib : memcpy_t2.asm.obj (.text)
                  00000ca4    0000007a                                   : memset_t2.asm.obj (.text)
                  00000d1e    00000002     --HOLE-- [fill = 0]
                  00000d20    0000006c     driverlib.lib : can.obj (.text:CANBitRateSet)
                  00000d8c    00000068                   : flash.obj (.text:FlashProgram)
                  00000df4    00000068                   : interrupt.obj (.text:IntEnable)
                  00000e5c    00000068     rtsv7M4_T_le_v4SPD16_eabi.lib : copy_decompress_lzss.c.obj (.text:decompress:lzss:__TI_decompress_lzss)
                  00000ec4    0000005c     EEPROM.obj (.text)
                  00000f20    0000005c     driverlib.lib : can.obj (.text:_CANIntNumberGet)
                  00000f7c    00000050                   : sysctl.obj (.text:SysCtlPeripheralReset)
                  00000fcc    0000004c                   : gpio.obj (.text:GPIOPinConfigure)
                  00001018    00000044     rtsv7M4_T_le_v4SPD16_eabi.lib : autoinit.c.obj (.text:__TI_auto_init_nobinit_nopinit:__TI_auto_init_nobinit_nopinit)
                  0000105c    00000040     driverlib.lib : can.obj (.text:CANStatusGet)
                  0000109c    00000040                   : eeprom.obj (.text:EEPROMInit)
                  000010dc    0000003c                   : eeprom.obj (.text:_EEPROMSectorMaskSet)
                  00001118    0000003a                   : can.obj (.text:CANInit)
                  00001152    00000002     --HOLE-- [fill = 0]
                  00001154    00000038                   : eeprom.obj (.text:EEPROMRead)
                  0000118c    00000038                   : sysctl.obj (.text:SysCtlPeripheralReady)
                  000011c4    00000034                   : interrupt.obj (.text:IntRegister)
                  000011f8    00000034                   : sysctl.obj (.text:SysCtlPeripheralDisable)
                  0000122c    00000034                   : sysctl.obj (.text:SysCtlPeripheralEnable)
                  00001260    00000034                   : eeprom.obj (.text:_EEPROMSectorMaskClear)
                  00001294    00000034     rtsv7M4_T_le_v4SPD16_eabi.lib : boot_cortex_m.c.obj (.text:_c_int00_noargs:_c_int00_noargs)
                  000012c8    00000030     driverlib.lib : flash.obj (.text:FlashErase)
                  000012f8    0000002c                   : gpio.obj (.text:GPIODirModeSet)
                  00001324    0000002a                   : can.obj (.text:_CANDataRegRead)
                  0000134e    00000024                   : can.obj (.text:_CANDataRegWrite)
                  00001372    00000022                   : can.obj (.text:CANIntClear)
                  00001394    00000020                   : can.obj (.text:CANIntStatus)
                  000013b4    0000001c     rtsv7M4_T_le_v4SPD16_eabi.lib : copy_zero_init.c.obj (.text:decompress:ZI:__TI_zero_init_nomemset:__TI_zero_init_nomemset)
                  000013d0    0000001a     driverlib.lib : gpio.obj (.text:GPIOPinTypeGPIOOutput)
                  000013ea    00000018                   : can.obj (.text:CANIntRegister)
                  00001402    00000016                   : gpio.obj (.text:GPIOPinTypeCAN)
                  00001418    00000010                   : eeprom.obj (.text:_EEPROMWaitForDone)
                  00001428    0000000e     rtsv7M4_T_le_v4SPD16_eabi.lib : copy_decompress_none.c.obj (.text:decompress:none:__TI_decompress_none)
                  00001436    0000000c     tm4c123gh6pm_startup_ccs.obj (.text)
                  00001442    0000000a     driverlib.lib : can.obj (.text:CANEnable)
                  0000144c    00000008                   : can.obj (.text:CANIntEnable)
                  00001454    00000006                   : gpio.obj (.text:GPIOPinWrite)
                  0000145a    00000006                   : sysctl.obj (.text:SysCtlDelay)
                  00001460    00000004     rtsv7M4_T_le_v4SPD16_eabi.lib : pre_init.c.obj (.text:_system_pre_init)
                  00001464    00000004                                   : exit.c.obj (.text:abort:abort)

.const     0    00001468    00000134     
                  00001468    00000090     driverlib.lib : gpio.obj (.const:g_pui32GPIOBaseAddrs)
                  000014f8    0000006c                   : sysctl.obj (.const:g_pui32Xtals)
                  00001564    00000020                   : can.obj (.const:g_ui16CANBitValues)
                  00001584    00000014                   : interrupt.obj (.const:g_pui32EnRegs)
                  00001598    00000004     main.obj (.const:.string:$P$T0$1)

.cinit     0    000015a0    00000048     
                  000015a0    00000012     (.cinit..data.load) [load image, compression = lzss]
                  000015b2    00000002     --HOLE-- [fill = 0]
                  000015b4    0000000c     (__TI_handler_table)
                  000015c0    00000008     (.cinit..bss.load) [load image, compression = zero_init]
                  000015c8    00000008     (.cinit..vtable.load) [load image, compression = zero_init]
                  000015d0    00000018     (__TI_cinit_table)

.init_array 
*          0    00000000    00000000     UNINITIALIZED

.vtable    0    20000000    0000026c     UNINITIALIZED
                  20000000    0000026c     driverlib.lib : interrupt.obj (.vtable)

.data      0    2000026c    000077fa     UNINITIALIZED
                  2000026c    000077ec     main.obj (.data:Code_hex)
                  20007a58    00000008     Program.obj (.data)
                  20007a60    00000003     Hex_Recieve.obj (.data)
                  20007a63    00000001     --HOLE--
                  20007a64    00000002     main.obj (.data)

.bss       0    20007c68    00000004     UNINITIALIZED
                  20007c68    00000004     (.common:EEPROM_Init_state)

.stack     0    20007a68    00000200     UNINITIALIZED
                  20007a68    00000004     rtsv7M4_T_le_v4SPD16_eabi.lib : boot_cortex_m.c.obj (.stack)
                  20007a6c    000001fc     --HOLE--

__llvm_prf_cnts 
*          0    20000000    00000000     UNINITIALIZED

MODULE SUMMARY

       Module                         code   ro data   rw data
       ------                         ----   -------   -------
    .\
       main.obj                       272    4         30702  
       tm4c123gh6pm_startup_ccs.obj   12     620       0      
    +--+------------------------------+------+---------+---------+
       Total:                         284    624       30702  
                                                              
    .\Application\
       Program.obj                    188    0         8      
    +--+------------------------------+------+---------+---------+
       Total:                         188    0         8      
                                                              
    .\HAL\EEPROM_Drivers\
       EEPROM.obj                     92     0         4      
    +--+------------------------------+------+---------+---------+
       Total:                         92     0         4      
                                                              
    .\HAL\Hex_Recieve\
       Hex_Recieve.obj                576    0         3      
    +--+------------------------------+------+---------+---------+
       Total:                         576    0         3      
                                                              
    C:/ti/TivaWare_C_Series-2.2.0.295/driverlib/ccs/Debug/driverlib.lib
       can.obj                        1090   32        0      
       interrupt.obj                  156    20        620    
       gpio.obj                       538    144       0      
       sysctl.obj                     526    108       0      
       eeprom.obj                     444    0         0      
       flash.obj                      152    0         0      
    +--+------------------------------+------+---------+---------+
       Total:                         2906   304       620    
                                                              
    C:\ti\ccs1240\ccs\tools\compiler\ti-cgt-arm_20.2.7.LTS\lib\rtsv7M4_T_le_v4SPD16_eabi.lib
       memcpy_t2.asm.obj              156    0         0      
       memset_t2.asm.obj              122    0         0      
       copy_decompress_lzss.c.obj     104    0         0      
       autoinit.c.obj                 68     0         0      
       boot_cortex_m.c.obj            52     0         0      
       copy_zero_init.c.obj           28     0         0      
       copy_decompress_none.c.obj     14     0         0      
       exit.c.obj                     4      0         0      
       pre_init.c.obj                 4      0         0      
    +--+------------------------------+------+---------+---------+
       Total:                         552    0         0      
                                                              
       Stack:                         0      0         512    
       Linker Generated:              0      70        0      
    +--+------------------------------+------+---------+---------+
       Grand Total:                   4598   998       31849  


LINKER GENERATED COPY TABLES

__TI_cinit_table @ 000015d0 records: 3, size/record: 8, table size: 24
	.data: load addr=000015a0, load size=00000012 bytes, run addr=2000026c, run size=000077fa bytes, compression=lzss
	.bss: load addr=000015c0, load size=00000008 bytes, run addr=20007c68, run size=00000004 bytes, compression=zero_init
	.vtable: load addr=000015c8, load size=00000008 bytes, run addr=20000000, run size=0000026c bytes, compression=zero_init


LINKER GENERATED HANDLER TABLE

__TI_handler_table @ 000015b4 records: 3, size/record: 4, table size: 12
	index: 0, handler: __TI_zero_init
	index: 1, handler: __TI_decompress_lzss
	index: 2, handler: __TI_decompress_none


GLOBAL SYMBOLS: SORTED ALPHABETICALLY BY Name 

address   name                          
-------   ----                          
00000b4d  Assign_Bank                   
00001465  C$$EXIT                       
00000d21  CANBitRateSet                 
00001443  CANEnable                     
00001119  CANInit                       
00001373  CANIntClear                   
0000144d  CANIntEnable                  
0000026d  CANIntHandler                 
000013eb  CANIntRegister                
00001395  CANIntStatus                  
00000861  CANMessageGet                 
00000619  CANMessageSet                 
0000105d  CANStatusGet                  
20007a64  Code_Size                     
2000026c  Code_hex                      
20007a5c  Current_Address               
20007a58  Current_Bank                  
0000109d  EEPROMInit                    
00000a89  EEPROMProgram                 
00001155  EEPROMRead                    
20007c68  EEPROM_Init_state             
00000f01  EEPROM_Read                   
00000ee9  EEPROM_Write                  
00000ec5  EEPROM_init                   
00000b99  Erase_Sector                  
000012c9  FlashErase                    
00000d8d  FlashProgram                  
00000b85  Flash_New_Program             
000012f9  GPIODirModeSet                
000004ad  GPIOPadConfigSet              
00000fcd  GPIOPinConfigure              
00001403  GPIOPinTypeCAN                
000013d1  GPIOPinTypeGPIOOutput         
00001455  GPIOPinWrite                  
00000df5  IntEnable                     
000011c5  IntRegister                   
00000bcd  Jump_To_New_Program           
00001437  ResetISR                      
00000749  SysCtlClockGet                
0000145b  SysCtlDelay                   
000011f9  SysCtlPeripheralDisable       
0000122d  SysCtlPeripheralEnable        
0000118d  SysCtlPeripheralReady         
00000f7d  SysCtlPeripheralReset         
20007c68  __STACK_END                   
00000200  __STACK_SIZE                  
20007c68  __STACK_TOP                   
000015d0  __TI_CINIT_Base               
000015e8  __TI_CINIT_Limit              
000015b4  __TI_Handler_Table_Base       
000015c0  __TI_Handler_Table_Limit      
00001019  __TI_auto_init_nobinit_nopinit
00000e5d  __TI_decompress_lzss          
00001429  __TI_decompress_none          
ffffffff  __TI_pprof_out_hndl           
ffffffff  __TI_prof_data_size           
ffffffff  __TI_prof_data_start          
00000000  __TI_static_base__            
000013b5  __TI_zero_init_nomemset       
00000ca5  __aeabi_memclr                
00000ca5  __aeabi_memclr4               
00000ca5  __aeabi_memclr8               
00000c09  __aeabi_memcpy                
00000c09  __aeabi_memcpy4               
00000c09  __aeabi_memcpy8               
00000ca7  __aeabi_memset                
00000ca7  __aeabi_memset4               
00000ca7  __aeabi_memset8               
ffffffff  __binit__                     
ffffffff  __c_args__                    
UNDEFED   __mpu_init                    
20007a68  __stack                       
20000000  __start___llvm_prf_cnts       
20000000  __stop___llvm_prf_cnts        
00001295  _c_int00_noargs               
UNDEFED   _system_post_cinit            
00001461  _system_pre_init              
00001465  abort                         
ffffffff  binit                         
000002cd  can_init                      
00000367  can_receiveFile               
00000321  can_receiveNonBlocking        
0000043f  can_send                      
20007a61  g_bErrFlag                    
20007a60  g_bRXFlag                     
20000000  g_pfnRAMVectors               
00000000  g_pfnVectors                  
00000979  main                          
00000c09  memcpy                        
00000cad  memset                        
20007a62  sent_Flag                     


GLOBAL SYMBOLS: SORTED BY Symbol Address 

address   name                          
-------   ----                          
00000000  __TI_static_base__            
00000000  g_pfnVectors                  
00000200  __STACK_SIZE                  
0000026d  CANIntHandler                 
000002cd  can_init                      
00000321  can_receiveNonBlocking        
00000367  can_receiveFile               
0000043f  can_send                      
000004ad  GPIOPadConfigSet              
00000619  CANMessageSet                 
00000749  SysCtlClockGet                
00000861  CANMessageGet                 
00000979  main                          
00000a89  EEPROMProgram                 
00000b4d  Assign_Bank                   
00000b85  Flash_New_Program             
00000b99  Erase_Sector                  
00000bcd  Jump_To_New_Program           
00000c09  __aeabi_memcpy                
00000c09  __aeabi_memcpy4               
00000c09  __aeabi_memcpy8               
00000c09  memcpy                        
00000ca5  __aeabi_memclr                
00000ca5  __aeabi_memclr4               
00000ca5  __aeabi_memclr8               
00000ca7  __aeabi_memset                
00000ca7  __aeabi_memset4               
00000ca7  __aeabi_memset8               
00000cad  memset                        
00000d21  CANBitRateSet                 
00000d8d  FlashProgram                  
00000df5  IntEnable                     
00000e5d  __TI_decompress_lzss          
00000ec5  EEPROM_init                   
00000ee9  EEPROM_Write                  
00000f01  EEPROM_Read                   
00000f7d  SysCtlPeripheralReset         
00000fcd  GPIOPinConfigure              
00001019  __TI_auto_init_nobinit_nopinit
0000105d  CANStatusGet                  
0000109d  EEPROMInit                    
00001119  CANInit                       
00001155  EEPROMRead                    
0000118d  SysCtlPeripheralReady         
000011c5  IntRegister                   
000011f9  SysCtlPeripheralDisable       
0000122d  SysCtlPeripheralEnable        
00001295  _c_int00_noargs               
000012c9  FlashErase                    
000012f9  GPIODirModeSet                
00001373  CANIntClear                   
00001395  CANIntStatus                  
000013b5  __TI_zero_init_nomemset       
000013d1  GPIOPinTypeGPIOOutput         
000013eb  CANIntRegister                
00001403  GPIOPinTypeCAN                
00001429  __TI_decompress_none          
00001437  ResetISR                      
00001443  CANEnable                     
0000144d  CANIntEnable                  
00001455  GPIOPinWrite                  
0000145b  SysCtlDelay                   
00001461  _system_pre_init              
00001465  C$$EXIT                       
00001465  abort                         
000015b4  __TI_Handler_Table_Base       
000015c0  __TI_Handler_Table_Limit      
000015d0  __TI_CINIT_Base               
000015e8  __TI_CINIT_Limit              
20000000  __start___llvm_prf_cnts       
20000000  __stop___llvm_prf_cnts        
20000000  g_pfnRAMVectors               
2000026c  Code_hex                      
20007a58  Current_Bank                  
20007a5c  Current_Address               
20007a60  g_bRXFlag                     
20007a61  g_bErrFlag                    
20007a62  sent_Flag                     
20007a64  Code_Size                     
20007a68  __stack                       
20007c68  EEPROM_Init_state             
20007c68  __STACK_END                   
20007c68  __STACK_TOP                   
ffffffff  __TI_pprof_out_hndl           
ffffffff  __TI_prof_data_size           
ffffffff  __TI_prof_data_start          
ffffffff  __binit__                     
ffffffff  __c_args__                    
ffffffff  binit                         
UNDEFED   __mpu_init                    
UNDEFED   _system_post_cinit            

[91 symbols]
