******************************************************************************
                  TI ARM Linker PC v20.2.7                     
******************************************************************************
>> Linked Fri Oct 20 22:16:40 2023

OUTPUT FILE NAME:   <BootLoader_Final4.out>
ENTRY POINT SYMBOL: "_c_int00_noargs"  address: 00001289


MEMORY CONFIGURATION

         name            origin    length      used     unused   attr    fill
----------------------  --------  ---------  --------  --------  ----  --------
  FLASH                 00000000   00040000  000015d8  0003ea28  R  X
  SRAM                  20000000   00008000  00007c6e  00000392  RW X


SEGMENT ALLOCATION MAP

run origin  load origin   length   init length attrs members
----------  ----------- ---------- ----------- ----- -------
00000000    00000000    000015d8   000015d8    r-x
  00000000    00000000    0000026c   0000026c    r-- .intvecs
  0000026c    0000026c    000011f0   000011f0    r-x .text
  0000145c    0000145c    00000134   00000134    r-- .const
  00001590    00001590    00000048   00000048    r-- .cinit
20000000    20000000    00007c70   00000000    rw-
  20000000    20000000    0000026c   00000000    rw- .vtable
  2000026c    2000026c    000077fe   00000000    rw- .data
  20007a6c    20007a6c    00000004   00000000    rw- .bss
  20007a70    20007a70    00000200   00000000    rw- .stack


SECTION ALLOCATION MAP

 output                                  attributes/
section   page    origin      length       input sections
--------  ----  ----------  ----------   ----------------
.intvecs   0    00000000    0000026c     
                  00000000    0000026c     tm4c123gh6pm_startup_ccs.obj (.intvecs)

.text      0    0000026c    000011f0     
                  0000026c    0000025c     Hex_Recieve.obj (.text)
                  000004c8    0000016c     driverlib.lib : gpio.obj (.text:GPIOPadConfigSet)
                  00000634    00000130                   : can.obj (.text:CANMessageSet)
                  00000764    00000118                   : sysctl.obj (.text:SysCtlClockGet)
                  0000087c    00000116                   : can.obj (.text:CANMessageGet)
                  00000992    00000002     --HOLE-- [fill = 0]
                  00000994    000000e8     main.obj (.text)
                  00000a7c    000000c4     driverlib.lib : eeprom.obj (.text:EEPROMProgram)
                  00000b40    000000bc     Program.obj (.text)
                  00000bfc    0000009c     rtsv7M4_T_le_v4SPD16_eabi.lib : memcpy_t2.asm.obj (.text)
                  00000c98    0000007a                                   : memset_t2.asm.obj (.text)
                  00000d12    00000002     --HOLE-- [fill = 0]
                  00000d14    0000006c     driverlib.lib : can.obj (.text:CANBitRateSet)
                  00000d80    00000068                   : flash.obj (.text:FlashProgram)
                  00000de8    00000068                   : interrupt.obj (.text:IntEnable)
                  00000e50    00000068     rtsv7M4_T_le_v4SPD16_eabi.lib : copy_decompress_lzss.c.obj (.text:decompress:lzss:__TI_decompress_lzss)
                  00000eb8    0000005c     EEPROM.obj (.text)
                  00000f14    0000005c     driverlib.lib : can.obj (.text:_CANIntNumberGet)
                  00000f70    00000050                   : sysctl.obj (.text:SysCtlPeripheralReset)
                  00000fc0    0000004c                   : gpio.obj (.text:GPIOPinConfigure)
                  0000100c    00000044     rtsv7M4_T_le_v4SPD16_eabi.lib : autoinit.c.obj (.text:__TI_auto_init_nobinit_nopinit:__TI_auto_init_nobinit_nopinit)
                  00001050    00000040     driverlib.lib : can.obj (.text:CANStatusGet)
                  00001090    00000040                   : eeprom.obj (.text:EEPROMInit)
                  000010d0    0000003c                   : eeprom.obj (.text:_EEPROMSectorMaskSet)
                  0000110c    0000003a                   : can.obj (.text:CANInit)
                  00001146    00000002     --HOLE-- [fill = 0]
                  00001148    00000038                   : eeprom.obj (.text:EEPROMRead)
                  00001180    00000038                   : sysctl.obj (.text:SysCtlPeripheralReady)
                  000011b8    00000034                   : interrupt.obj (.text:IntRegister)
                  000011ec    00000034                   : sysctl.obj (.text:SysCtlPeripheralDisable)
                  00001220    00000034                   : sysctl.obj (.text:SysCtlPeripheralEnable)
                  00001254    00000034                   : eeprom.obj (.text:_EEPROMSectorMaskClear)
                  00001288    00000034     rtsv7M4_T_le_v4SPD16_eabi.lib : boot_cortex_m.c.obj (.text:_c_int00_noargs:_c_int00_noargs)
                  000012bc    00000030     driverlib.lib : flash.obj (.text:FlashErase)
                  000012ec    0000002c                   : gpio.obj (.text:GPIODirModeSet)
                  00001318    0000002a                   : can.obj (.text:_CANDataRegRead)
                  00001342    00000024                   : can.obj (.text:_CANDataRegWrite)
                  00001366    00000022                   : can.obj (.text:CANIntClear)
                  00001388    00000020                   : can.obj (.text:CANIntStatus)
                  000013a8    0000001c     rtsv7M4_T_le_v4SPD16_eabi.lib : copy_zero_init.c.obj (.text:decompress:ZI:__TI_zero_init_nomemset:__TI_zero_init_nomemset)
                  000013c4    0000001a     driverlib.lib : gpio.obj (.text:GPIOPinTypeGPIOOutput)
                  000013de    00000018                   : can.obj (.text:CANIntRegister)
                  000013f6    00000016                   : gpio.obj (.text:GPIOPinTypeCAN)
                  0000140c    00000010                   : eeprom.obj (.text:_EEPROMWaitForDone)
                  0000141c    0000000e     rtsv7M4_T_le_v4SPD16_eabi.lib : copy_decompress_none.c.obj (.text:decompress:none:__TI_decompress_none)
                  0000142a    0000000c     tm4c123gh6pm_startup_ccs.obj (.text)
                  00001436    0000000a     driverlib.lib : can.obj (.text:CANEnable)
                  00001440    00000008                   : can.obj (.text:CANIntEnable)
                  00001448    00000006                   : gpio.obj (.text:GPIOPinWrite)
                  0000144e    00000006                   : sysctl.obj (.text:SysCtlDelay)
                  00001454    00000004     rtsv7M4_T_le_v4SPD16_eabi.lib : pre_init.c.obj (.text:_system_pre_init)
                  00001458    00000004                                   : exit.c.obj (.text:abort:abort)

.const     0    0000145c    00000134     
                  0000145c    00000090     driverlib.lib : gpio.obj (.const:g_pui32GPIOBaseAddrs)
                  000014ec    0000006c                   : sysctl.obj (.const:g_pui32Xtals)
                  00001558    00000020                   : can.obj (.const:g_ui16CANBitValues)
                  00001578    00000014                   : interrupt.obj (.const:g_pui32EnRegs)
                  0000158c    00000004     main.obj (.const:.string:$P$T0$1)

.cinit     0    00001590    00000048     
                  00001590    00000012     (.cinit..data.load) [load image, compression = lzss]
                  000015a2    00000002     --HOLE-- [fill = 0]
                  000015a4    0000000c     (__TI_handler_table)
                  000015b0    00000008     (.cinit..bss.load) [load image, compression = zero_init]
                  000015b8    00000008     (.cinit..vtable.load) [load image, compression = zero_init]
                  000015c0    00000018     (__TI_cinit_table)

.init_array 
*          0    00000000    00000000     UNINITIALIZED

.vtable    0    20000000    0000026c     UNINITIALIZED
                  20000000    0000026c     driverlib.lib : interrupt.obj (.vtable)

.data      0    2000026c    000077fe     UNINITIALIZED
                  2000026c    000077ec     main.obj (.data:Code_hex)
                  20007a58    00000008     Program.obj (.data)
                  20007a60    00000007     Hex_Recieve.obj (.data)
                  20007a67    00000001     --HOLE--
                  20007a68    00000002     main.obj (.data)

.bss       0    20007a6c    00000004     UNINITIALIZED
                  20007a6c    00000004     (.common:EEPROM_Init_state)

.stack     0    20007a70    00000200     UNINITIALIZED
                  20007a70    00000004     rtsv7M4_T_le_v4SPD16_eabi.lib : boot_cortex_m.c.obj (.stack)
                  20007a74    000001fc     --HOLE--

__llvm_prf_cnts 
*          0    20000000    00000000     UNINITIALIZED

MODULE SUMMARY

       Module                         code   ro data   rw data
       ------                         ----   -------   -------
    .\
       main.obj                       232    4         30702  
       tm4c123gh6pm_startup_ccs.obj   12     620       0      
    +--+------------------------------+------+---------+---------+
       Total:                         244    624       30702  
                                                              
    .\Application\
       Program.obj                    188    0         8      
    +--+------------------------------+------+---------+---------+
       Total:                         188    0         8      
                                                              
    .\HAL\EEPROM_Drivers\
       EEPROM.obj                     92     0         4      
    +--+------------------------------+------+---------+---------+
       Total:                         92     0         4      
                                                              
    .\HAL\Hex_Recieve\
       Hex_Recieve.obj                604    0         7      
    +--+------------------------------+------+---------+---------+
       Total:                         604    0         7      
                                                              
    C:/ti/TivaWare_C_Series-2.2.0.295/driverlib/ccs/Debug/driverlib.lib
       can.obj                        1090   32        0      
       interrupt.obj                  156    20        620    
       gpio.obj                       538    144       0      
       sysctl.obj                     526    108       0      
       eeprom.obj                     444    0         0      
       flash.obj                      152    0         0      
    +--+------------------------------+------+---------+---------+
       Total:                         2906   304       620    
                                                              
    C:\ti\ccs1240\ccs\tools\compiler\ti-cgt-arm_20.2.7.LTS\lib\rtsv7M4_T_le_v4SPD16_eabi.lib
       memcpy_t2.asm.obj              156    0         0      
       memset_t2.asm.obj              122    0         0      
       copy_decompress_lzss.c.obj     104    0         0      
       autoinit.c.obj                 68     0         0      
       boot_cortex_m.c.obj            52     0         0      
       copy_zero_init.c.obj           28     0         0      
       copy_decompress_none.c.obj     14     0         0      
       exit.c.obj                     4      0         0      
       pre_init.c.obj                 4      0         0      
    +--+------------------------------+------+---------+---------+
       Total:                         552    0         0      
                                                              
       Stack:                         0      0         512    
       Linker Generated:              0      70        0      
    +--+------------------------------+------+---------+---------+
       Grand Total:                   4586   998       31853  


LINKER GENERATED COPY TABLES

__TI_cinit_table @ 000015c0 records: 3, size/record: 8, table size: 24
	.data: load addr=00001590, load size=00000012 bytes, run addr=2000026c, run size=000077fe bytes, compression=lzss
	.bss: load addr=000015b0, load size=00000008 bytes, run addr=20007a6c, run size=00000004 bytes, compression=zero_init
	.vtable: load addr=000015b8, load size=00000008 bytes, run addr=20000000, run size=0000026c bytes, compression=zero_init


LINKER GENERATED HANDLER TABLE

__TI_handler_table @ 000015a4 records: 3, size/record: 4, table size: 12
	index: 0, handler: __TI_zero_init
	index: 1, handler: __TI_decompress_lzss
	index: 2, handler: __TI_decompress_none


GLOBAL SYMBOLS: SORTED ALPHABETICALLY BY Name 

address   name                          
-------   ----                          
00000b41  Assign_Bank                   
00001459  C$$EXIT                       
00000d15  CANBitRateSet                 
00001437  CANEnable                     
0000110d  CANInit                       
00001367  CANIntClear                   
00001441  CANIntEnable                  
0000026d  CANIntHandler                 
000013df  CANIntRegister                
00001389  CANIntStatus                  
0000087d  CANMessageGet                 
00000635  CANMessageSet                 
00001051  CANStatusGet                  
20007a68  Code_Size                     
2000026c  Code_hex                      
20007a5c  Current_Address               
20007a58  Current_Bank                  
00001091  EEPROMInit                    
00000a7d  EEPROMProgram                 
00001149  EEPROMRead                    
20007a6c  EEPROM_Init_state             
00000ef5  EEPROM_Read                   
00000edd  EEPROM_Write                  
00000eb9  EEPROM_init                   
00000b8d  Erase_Sector                  
000012bd  FlashErase                    
00000d81  FlashProgram                  
00000b79  Flash_New_Program             
000012ed  GPIODirModeSet                
000004c9  GPIOPadConfigSet              
00000fc1  GPIOPinConfigure              
000013f7  GPIOPinTypeCAN                
000013c5  GPIOPinTypeGPIOOutput         
00001449  GPIOPinWrite                  
00000de9  IntEnable                     
000011b9  IntRegister                   
00000bc1  Jump_To_New_Program           
0000142b  ResetISR                      
00000765  SysCtlClockGet                
0000144f  SysCtlDelay                   
000011ed  SysCtlPeripheralDisable       
00001221  SysCtlPeripheralEnable        
00001181  SysCtlPeripheralReady         
00000f71  SysCtlPeripheralReset         
20007c70  __STACK_END                   
00000200  __STACK_SIZE                  
20007c70  __STACK_TOP                   
000015c0  __TI_CINIT_Base               
000015d8  __TI_CINIT_Limit              
000015a4  __TI_Handler_Table_Base       
000015b0  __TI_Handler_Table_Limit      
0000100d  __TI_auto_init_nobinit_nopinit
00000e51  __TI_decompress_lzss          
0000141d  __TI_decompress_none          
ffffffff  __TI_pprof_out_hndl           
ffffffff  __TI_prof_data_size           
ffffffff  __TI_prof_data_start          
00000000  __TI_static_base__            
000013a9  __TI_zero_init_nomemset       
00000c99  __aeabi_memclr                
00000c99  __aeabi_memclr4               
00000c99  __aeabi_memclr8               
00000bfd  __aeabi_memcpy                
00000bfd  __aeabi_memcpy4               
00000bfd  __aeabi_memcpy8               
00000c9b  __aeabi_memset                
00000c9b  __aeabi_memset4               
00000c9b  __aeabi_memset8               
ffffffff  __binit__                     
ffffffff  __c_args__                    
UNDEFED   __mpu_init                    
20007a70  __stack                       
20000000  __start___llvm_prf_cnts       
20000000  __stop___llvm_prf_cnts        
00001289  _c_int00_noargs               
UNDEFED   _system_post_cinit            
00001455  _system_pre_init              
00001459  abort                         
ffffffff  binit                         
000002dd  can_init                      
00000377  can_receiveFile               
00000331  can_receiveNonBlocking        
00000457  can_send                      
20007a65  g_bErrFlag                    
20007a64  g_bRXFlag                     
20000000  g_pfnRAMVectors               
00000000  g_pfnVectors                  
20007a60  g_ui32MsgCount                
00000995  main                          
00000bfd  memcpy                        
00000ca1  memset                        
20007a66  sent_Flag                     


GLOBAL SYMBOLS: SORTED BY Symbol Address 

address   name                          
-------   ----                          
00000000  __TI_static_base__            
00000000  g_pfnVectors                  
00000200  __STACK_SIZE                  
0000026d  CANIntHandler                 
000002dd  can_init                      
00000331  can_receiveNonBlocking        
00000377  can_receiveFile               
00000457  can_send                      
000004c9  GPIOPadConfigSet              
00000635  CANMessageSet                 
00000765  SysCtlClockGet                
0000087d  CANMessageGet                 
00000995  main                          
00000a7d  EEPROMProgram                 
00000b41  Assign_Bank                   
00000b79  Flash_New_Program             
00000b8d  Erase_Sector                  
00000bc1  Jump_To_New_Program           
00000bfd  __aeabi_memcpy                
00000bfd  __aeabi_memcpy4               
00000bfd  __aeabi_memcpy8               
00000bfd  memcpy                        
00000c99  __aeabi_memclr                
00000c99  __aeabi_memclr4               
00000c99  __aeabi_memclr8               
00000c9b  __aeabi_memset                
00000c9b  __aeabi_memset4               
00000c9b  __aeabi_memset8               
00000ca1  memset                        
00000d15  CANBitRateSet                 
00000d81  FlashProgram                  
00000de9  IntEnable                     
00000e51  __TI_decompress_lzss          
00000eb9  EEPROM_init                   
00000edd  EEPROM_Write                  
00000ef5  EEPROM_Read                   
00000f71  SysCtlPeripheralReset         
00000fc1  GPIOPinConfigure              
0000100d  __TI_auto_init_nobinit_nopinit
00001051  CANStatusGet                  
00001091  EEPROMInit                    
0000110d  CANInit                       
00001149  EEPROMRead                    
00001181  SysCtlPeripheralReady         
000011b9  IntRegister                   
000011ed  SysCtlPeripheralDisable       
00001221  SysCtlPeripheralEnable        
00001289  _c_int00_noargs               
000012bd  FlashErase                    
000012ed  GPIODirModeSet                
00001367  CANIntClear                   
00001389  CANIntStatus                  
000013a9  __TI_zero_init_nomemset       
000013c5  GPIOPinTypeGPIOOutput         
000013df  CANIntRegister                
000013f7  GPIOPinTypeCAN                
0000141d  __TI_decompress_none          
0000142b  ResetISR                      
00001437  CANEnable                     
00001441  CANIntEnable                  
00001449  GPIOPinWrite                  
0000144f  SysCtlDelay                   
00001455  _system_pre_init              
00001459  C$$EXIT                       
00001459  abort                         
000015a4  __TI_Handler_Table_Base       
000015b0  __TI_Handler_Table_Limit      
000015c0  __TI_CINIT_Base               
000015d8  __TI_CINIT_Limit              
20000000  __start___llvm_prf_cnts       
20000000  __stop___llvm_prf_cnts        
20000000  g_pfnRAMVectors               
2000026c  Code_hex                      
20007a58  Current_Bank                  
20007a5c  Current_Address               
20007a60  g_ui32MsgCount                
20007a64  g_bRXFlag                     
20007a65  g_bErrFlag                    
20007a66  sent_Flag                     
20007a68  Code_Size                     
20007a6c  EEPROM_Init_state             
20007a70  __stack                       
20007c70  __STACK_END                   
20007c70  __STACK_TOP                   
ffffffff  __TI_pprof_out_hndl           
ffffffff  __TI_prof_data_size           
ffffffff  __TI_prof_data_start          
ffffffff  __binit__                     
ffffffff  __c_args__                    
ffffffff  binit                         
UNDEFED   __mpu_init                    
UNDEFED   _system_post_cinit            

[92 symbols]
