******************************************************************************
                  TI ARM Linker PC v20.2.7                     
******************************************************************************
>> Linked Sun Oct 15 20:55:47 2023

OUTPUT FILE NAME:   <BootLoader_Final2.out>
ENTRY POINT SYMBOL: "_c_int00_noargs"  address: 00000fad


MEMORY CONFIGURATION

         name            origin    length      used     unused   attr    fill
----------------------  --------  ---------  --------  --------  ----  --------
  FLASH                 00000000   00040000  000012d2  0003ed2e  R  X
  SRAM                  20000000   00008000  00002b8c  00005474  RW X


SEGMENT ALLOCATION MAP

run origin  load origin   length   init length attrs members
----------  ----------- ---------- ----------- ----- -------
00000000    00000000    000012d8   000012d8    r-x
  00000000    00000000    0000026c   0000026c    r-- .intvecs
  0000026c    0000026c    00000efe   00000efe    r-x .text
  0000116c    0000116c    00000130   00000130    r-- .const
  000012a0    000012a0    00000038   00000038    r-- .cinit
20000000    20000000    00002b90   00000000    rw-
  20000000    20000000    0000026c   00000000    rw- .vtable
  2000026c    2000026c    00002720   00000000    rw- .data
  20002990    20002990    00000200   00000000    rw- .stack


SECTION ALLOCATION MAP

 output                                  attributes/
section   page    origin      length       input sections
--------  ----  ----------  ----------   ----------------
.intvecs   0    00000000    0000026c     
                  00000000    0000026c     tm4c123gh6pm_startup_ccs.obj (.intvecs)

.text      0    0000026c    00000efe     
                  0000026c    00000200     Hex_Recieve.obj (.text)
                  0000046c    0000016c     driverlib.lib : gpio.obj (.text:GPIOPadConfigSet)
                  000005d8    00000130                   : can.obj (.text:CANMessageSet)
                  00000708    00000118                   : sysctl.obj (.text:SysCtlClockGet)
                  00000820    00000116                   : can.obj (.text:CANMessageGet)
                  00000936    00000002     --HOLE-- [fill = 0]
                  00000938    000000c0     main.obj (.text)
                  000009f8    000000bc     Program.obj (.text)
                  00000ab4    0000009c     rtsv7M4_T_le_v4SPD16_eabi.lib : memcpy_t2.asm.obj (.text)
                  00000b50    0000007a                                   : memset_t2.asm.obj (.text)
                  00000bca    00000002     --HOLE-- [fill = 0]
                  00000bcc    0000006c     driverlib.lib : can.obj (.text:CANBitRateSet)
                  00000c38    00000068                   : flash.obj (.text:FlashProgram)
                  00000ca0    00000068                   : interrupt.obj (.text:IntEnable)
                  00000d08    00000068     rtsv7M4_T_le_v4SPD16_eabi.lib : copy_decompress_lzss.c.obj (.text:decompress:lzss:__TI_decompress_lzss)
                  00000d70    0000005c     driverlib.lib : can.obj (.text:_CANIntNumberGet)
                  00000dcc    0000004c                   : gpio.obj (.text:GPIOPinConfigure)
                  00000e18    00000044     rtsv7M4_T_le_v4SPD16_eabi.lib : autoinit.c.obj (.text:__TI_auto_init_nobinit_nopinit:__TI_auto_init_nobinit_nopinit)
                  00000e5c    00000040     driverlib.lib : can.obj (.text:CANStatusGet)
                  00000e9c    0000003a                   : can.obj (.text:CANInit)
                  00000ed6    00000002     --HOLE-- [fill = 0]
                  00000ed8    00000038                   : sysctl.obj (.text:SysCtlPeripheralReady)
                  00000f10    00000034                   : interrupt.obj (.text:IntRegister)
                  00000f44    00000034                   : sysctl.obj (.text:SysCtlPeripheralDisable)
                  00000f78    00000034                   : sysctl.obj (.text:SysCtlPeripheralEnable)
                  00000fac    00000034     rtsv7M4_T_le_v4SPD16_eabi.lib : boot_cortex_m.c.obj (.text:_c_int00_noargs:_c_int00_noargs)
                  00000fe0    00000030     driverlib.lib : flash.obj (.text:FlashErase)
                  00001010    0000002c                   : gpio.obj (.text:GPIODirModeSet)
                  0000103c    0000002a                   : can.obj (.text:_CANDataRegRead)
                  00001066    00000024                   : can.obj (.text:_CANDataRegWrite)
                  0000108a    00000022                   : can.obj (.text:CANIntClear)
                  000010ac    00000020                   : can.obj (.text:CANIntStatus)
                  000010cc    0000001c     rtsv7M4_T_le_v4SPD16_eabi.lib : copy_zero_init.c.obj (.text:decompress:ZI:__TI_zero_init_nomemset:__TI_zero_init_nomemset)
                  000010e8    0000001a     driverlib.lib : gpio.obj (.text:GPIOPinTypeGPIOOutput)
                  00001102    00000018                   : can.obj (.text:CANIntRegister)
                  0000111a    00000016                   : gpio.obj (.text:GPIOPinTypeCAN)
                  00001130    0000000e     rtsv7M4_T_le_v4SPD16_eabi.lib : copy_decompress_none.c.obj (.text:decompress:none:__TI_decompress_none)
                  0000113e    0000000c     tm4c123gh6pm_startup_ccs.obj (.text)
                  0000114a    0000000a     driverlib.lib : can.obj (.text:CANEnable)
                  00001154    00000008                   : can.obj (.text:CANIntEnable)
                  0000115c    00000006                   : gpio.obj (.text:GPIOPinWrite)
                  00001162    00000004     rtsv7M4_T_le_v4SPD16_eabi.lib : pre_init.c.obj (.text:_system_pre_init)
                  00001166    00000004                                   : exit.c.obj (.text:abort:abort)

.const     0    0000116c    00000130     
                  0000116c    00000090     driverlib.lib : gpio.obj (.const:g_pui32GPIOBaseAddrs)
                  000011fc    0000006c                   : sysctl.obj (.const:g_pui32Xtals)
                  00001268    00000020                   : can.obj (.const:g_ui16CANBitValues)
                  00001288    00000014                   : interrupt.obj (.const:g_pui32EnRegs)

.cinit     0    000012a0    00000038     
                  000012a0    00000012     (.cinit..data.load) [load image, compression = lzss]
                  000012b2    00000002     --HOLE-- [fill = 0]
                  000012b4    0000000c     (__TI_handler_table)
                  000012c0    00000008     (.cinit..vtable.load) [load image, compression = zero_init]
                  000012c8    00000010     (__TI_cinit_table)

.init_array 
*          0    00000000    00000000     UNINITIALIZED

.vtable    0    20000000    0000026c     UNINITIALIZED
                  20000000    0000026c     driverlib.lib : interrupt.obj (.vtable)

.data      0    2000026c    00002720     UNINITIALIZED
                  2000026c    00002710     main.obj (.data:Code_hex)
                  2000297c    00000008     Program.obj (.data)
                  20002984    00000006     Hex_Recieve.obj (.data)
                  2000298a    00000002     main.obj (.data)

.stack     0    20002990    00000200     UNINITIALIZED
                  20002990    00000004     rtsv7M4_T_le_v4SPD16_eabi.lib : boot_cortex_m.c.obj (.stack)
                  20002994    000001fc     --HOLE--

__llvm_prf_cnts 
*          0    20000000    00000000     UNINITIALIZED

MODULE SUMMARY

       Module                         code   ro data   rw data
       ------                         ----   -------   -------
    .\
       main.obj                       192    0         10002  
       tm4c123gh6pm_startup_ccs.obj   12     620       0      
    +--+------------------------------+------+---------+---------+
       Total:                         204    620       10002  
                                                              
    .\Application\
       Program.obj                    188    0         8      
    +--+------------------------------+------+---------+---------+
       Total:                         188    0         8      
                                                              
    .\HAL\Hex_Recieve\
       Hex_Recieve.obj                512    0         6      
    +--+------------------------------+------+---------+---------+
       Total:                         512    0         6      
                                                              
    C:/ti/TivaWare_C_Series-2.2.0.295/driverlib/ccs/Debug/driverlib.lib
       can.obj                        1090   32        0      
       interrupt.obj                  156    20        620    
       gpio.obj                       538    144       0      
       sysctl.obj                     440    108       0      
       flash.obj                      152    0         0      
    +--+------------------------------+------+---------+---------+
       Total:                         2376   304       620    
                                                              
    C:\ti\ccs1240\ccs\tools\compiler\ti-cgt-arm_20.2.7.LTS\lib\rtsv7M4_T_le_v4SPD16_eabi.lib
       memcpy_t2.asm.obj              156    0         0      
       memset_t2.asm.obj              122    0         0      
       copy_decompress_lzss.c.obj     104    0         0      
       autoinit.c.obj                 68     0         0      
       boot_cortex_m.c.obj            52     0         0      
       copy_zero_init.c.obj           28     0         0      
       copy_decompress_none.c.obj     14     0         0      
       exit.c.obj                     4      0         0      
       pre_init.c.obj                 4      0         0      
    +--+------------------------------+------+---------+---------+
       Total:                         552    0         0      
                                                              
       Stack:                         0      0         512    
       Linker Generated:              0      54        0      
    +--+------------------------------+------+---------+---------+
       Grand Total:                   3832   978       11148  


LINKER GENERATED COPY TABLES

__TI_cinit_table @ 000012c8 records: 2, size/record: 8, table size: 16
	.data: load addr=000012a0, load size=00000012 bytes, run addr=2000026c, run size=00002720 bytes, compression=lzss
	.vtable: load addr=000012c0, load size=00000008 bytes, run addr=20000000, run size=0000026c bytes, compression=zero_init


LINKER GENERATED HANDLER TABLE

__TI_handler_table @ 000012b4 records: 3, size/record: 4, table size: 12
	index: 0, handler: __TI_zero_init
	index: 1, handler: __TI_decompress_lzss
	index: 2, handler: __TI_decompress_none


GLOBAL SYMBOLS: SORTED ALPHABETICALLY BY Name 

address   name                          
-------   ----                          
000009f9  Assign_Bank                   
00001167  C$$EXIT                       
00000bcd  CANBitRateSet                 
0000114b  CANEnable                     
00000e9d  CANInit                       
0000108b  CANIntClear                   
00001155  CANIntEnable                  
0000026d  CANIntHandler                 
00001103  CANIntRegister                
000010ad  CANIntStatus                  
00000821  CANMessageGet                 
000005d9  CANMessageSet                 
00000e5d  CANStatusGet                  
2000298a  Code_Size                     
2000026c  Code_hex                      
20002980  Current_Address               
2000297c  Current_Bank                  
00000a47  Erase_Sector                  
00000fe1  FlashErase                    
00000c39  FlashProgram                  
00000a31  Flash_New_Program             
00001011  GPIODirModeSet                
0000046d  GPIOPadConfigSet              
00000dcd  GPIOPinConfigure              
0000111b  GPIOPinTypeCAN                
000010e9  GPIOPinTypeGPIOOutput         
0000115d  GPIOPinWrite                  
00000ca1  IntEnable                     
00000f11  IntRegister                   
00000a7b  Jump_To_New_Program           
0000113f  ResetISR                      
00000709  SysCtlClockGet                
00000f45  SysCtlPeripheralDisable       
00000f79  SysCtlPeripheralEnable        
00000ed9  SysCtlPeripheralReady         
20002b90  __STACK_END                   
00000200  __STACK_SIZE                  
20002b90  __STACK_TOP                   
000012c8  __TI_CINIT_Base               
000012d8  __TI_CINIT_Limit              
000012b4  __TI_Handler_Table_Base       
000012c0  __TI_Handler_Table_Limit      
00000e19  __TI_auto_init_nobinit_nopinit
00000d09  __TI_decompress_lzss          
00001131  __TI_decompress_none          
ffffffff  __TI_pprof_out_hndl           
ffffffff  __TI_prof_data_size           
ffffffff  __TI_prof_data_start          
00000000  __TI_static_base__            
000010cd  __TI_zero_init_nomemset       
00000b51  __aeabi_memclr                
00000b51  __aeabi_memclr4               
00000b51  __aeabi_memclr8               
00000ab5  __aeabi_memcpy                
00000ab5  __aeabi_memcpy4               
00000ab5  __aeabi_memcpy8               
00000b53  __aeabi_memset                
00000b53  __aeabi_memset4               
00000b53  __aeabi_memset8               
ffffffff  __binit__                     
ffffffff  __c_args__                    
UNDEFED   __mpu_init                    
20002990  __stack                       
20000000  __start___llvm_prf_cnts       
20000000  __stop___llvm_prf_cnts        
00000fad  _c_int00_noargs               
UNDEFED   _system_post_cinit            
00001163  _system_pre_init              
00001167  abort                         
ffffffff  binit                         
000002b9  can_init                      
00000353  can_receiveFile               
0000030d  can_receiveNonBlocking        
20002989  g_bErrFlag                    
20002988  g_bRXFlag                     
20000000  g_pfnRAMVectors               
00000000  g_pfnVectors                  
20002984  g_ui32MsgCount                
00000939  main                          
00000ab5  memcpy                        
00000b59  memset                        


GLOBAL SYMBOLS: SORTED BY Symbol Address 

address   name                          
-------   ----                          
00000000  __TI_static_base__            
00000000  g_pfnVectors                  
00000200  __STACK_SIZE                  
0000026d  CANIntHandler                 
000002b9  can_init                      
0000030d  can_receiveNonBlocking        
00000353  can_receiveFile               
0000046d  GPIOPadConfigSet              
000005d9  CANMessageSet                 
00000709  SysCtlClockGet                
00000821  CANMessageGet                 
00000939  main                          
000009f9  Assign_Bank                   
00000a31  Flash_New_Program             
00000a47  Erase_Sector                  
00000a7b  Jump_To_New_Program           
00000ab5  __aeabi_memcpy                
00000ab5  __aeabi_memcpy4               
00000ab5  __aeabi_memcpy8               
00000ab5  memcpy                        
00000b51  __aeabi_memclr                
00000b51  __aeabi_memclr4               
00000b51  __aeabi_memclr8               
00000b53  __aeabi_memset                
00000b53  __aeabi_memset4               
00000b53  __aeabi_memset8               
00000b59  memset                        
00000bcd  CANBitRateSet                 
00000c39  FlashProgram                  
00000ca1  IntEnable                     
00000d09  __TI_decompress_lzss          
00000dcd  GPIOPinConfigure              
00000e19  __TI_auto_init_nobinit_nopinit
00000e5d  CANStatusGet                  
00000e9d  CANInit                       
00000ed9  SysCtlPeripheralReady         
00000f11  IntRegister                   
00000f45  SysCtlPeripheralDisable       
00000f79  SysCtlPeripheralEnable        
00000fad  _c_int00_noargs               
00000fe1  FlashErase                    
00001011  GPIODirModeSet                
0000108b  CANIntClear                   
000010ad  CANIntStatus                  
000010cd  __TI_zero_init_nomemset       
000010e9  GPIOPinTypeGPIOOutput         
00001103  CANIntRegister                
0000111b  GPIOPinTypeCAN                
00001131  __TI_decompress_none          
0000113f  ResetISR                      
0000114b  CANEnable                     
00001155  CANIntEnable                  
0000115d  GPIOPinWrite                  
00001163  _system_pre_init              
00001167  C$$EXIT                       
00001167  abort                         
000012b4  __TI_Handler_Table_Base       
000012c0  __TI_Handler_Table_Limit      
000012c8  __TI_CINIT_Base               
000012d8  __TI_CINIT_Limit              
20000000  __start___llvm_prf_cnts       
20000000  __stop___llvm_prf_cnts        
20000000  g_pfnRAMVectors               
2000026c  Code_hex                      
2000297c  Current_Bank                  
20002980  Current_Address               
20002984  g_ui32MsgCount                
20002988  g_bRXFlag                     
20002989  g_bErrFlag                    
2000298a  Code_Size                     
20002990  __stack                       
20002b90  __STACK_END                   
20002b90  __STACK_TOP                   
ffffffff  __TI_pprof_out_hndl           
ffffffff  __TI_prof_data_size           
ffffffff  __TI_prof_data_start          
ffffffff  __binit__                     
ffffffff  __c_args__                    
ffffffff  binit                         
UNDEFED   __mpu_init                    
UNDEFED   _system_post_cinit            

[81 symbols]
