******************************************************************************
                  TI ARM Linker PC v20.2.7                     
******************************************************************************
>> Linked Fri Oct 20 15:57:11 2023

OUTPUT FILE NAME:   <Sending_Board_Final_V4.out>
ENTRY POINT SYMBOL: "_c_int00_noargs"  address: 00000f11


MEMORY CONFIGURATION

         name            origin    length      used     unused   attr    fill
----------------------  --------  ---------  --------  --------  ----  --------
  FLASH                 00000000   00040000  00001232  0003edce  R  X
  SRAM                  20000000   00008000  00007c68  00000398  RW X


SEGMENT ALLOCATION MAP

run origin  load origin   length   init length attrs members
----------  ----------- ---------- ----------- ----- -------
00000000    00000000    00001238   00001238    r-x
  00000000    00000000    0000026c   0000026c    r-- .intvecs
  0000026c    0000026c    00000e5a   00000e5a    r-x .text
  000010c8    000010c8    00000134   00000134    r-- .const
  00001200    00001200    00000038   00000038    r-- .cinit
20000000    20000000    00007c68   00000000    rw-
  20000000    20000000    0000026c   00000000    rw- .vtable
  2000026c    2000026c    000077fc   00000000    rw- .data
  20007a68    20007a68    00000200   00000000    rw- .stack


SECTION ALLOCATION MAP

 output                                  attributes/
section   page    origin      length       input sections
--------  ----  ----------  ----------   ----------------
.intvecs   0    00000000    0000026c     
                  00000000    0000026c     tm4c123gh6pm_startup_ccs.obj (.intvecs)

.text      0    0000026c    00000e5a     
                  0000026c    00000274     main.obj (.text)
                  000004e0    0000016c     driverlib.lib : gpio.obj (.text:GPIOPadConfigSet)
                  0000064c    00000134     CAN_TX.obj (.text)
                  00000780    00000130     driverlib.lib : can.obj (.text:CANMessageSet)
                  000008b0    00000118                   : sysctl.obj (.text:SysCtlClockGet)
                  000009c8    000000a4     Hex_Recieve.obj (.text)
                  00000a6c    0000009c     rtsv7M4_T_le_v4SPD16_eabi.lib : memcpy_t2.asm.obj (.text)
                  00000b08    0000007a                                   : memset_t2.asm.obj (.text)
                  00000b82    00000002     --HOLE-- [fill = 0]
                  00000b84    0000006c     driverlib.lib : can.obj (.text:CANBitRateSet)
                  00000bf0    00000068                   : interrupt.obj (.text:IntEnable)
                  00000c58    00000068     rtsv7M4_T_le_v4SPD16_eabi.lib : copy_decompress_lzss.c.obj (.text:decompress:lzss:__TI_decompress_lzss)
                  00000cc0    0000005c     driverlib.lib : can.obj (.text:_CANIntNumberGet)
                  00000d1c    0000004c                   : gpio.obj (.text:GPIOPinConfigure)
                  00000d68    00000046                   : uart.obj (.text:UARTConfigSetExpClk)
                  00000dae    00000002     --HOLE-- [fill = 0]
                  00000db0    00000044     rtsv7M4_T_le_v4SPD16_eabi.lib : autoinit.c.obj (.text:__TI_auto_init_nobinit_nopinit:__TI_auto_init_nobinit_nopinit)
                  00000df4    00000040     driverlib.lib : can.obj (.text:CANStatusGet)
                  00000e34    0000003a                   : can.obj (.text:CANInit)
                  00000e6e    00000002     --HOLE-- [fill = 0]
                  00000e70    00000038                   : sysctl.obj (.text:SysCtlPeripheralReady)
                  00000ea8    00000034                   : interrupt.obj (.text:IntRegister)
                  00000edc    00000034                   : sysctl.obj (.text:SysCtlPeripheralEnable)
                  00000f10    00000034     rtsv7M4_T_le_v4SPD16_eabi.lib : boot_cortex_m.c.obj (.text:_c_int00_noargs:_c_int00_noargs)
                  00000f44    0000002c     driverlib.lib : gpio.obj (.text:GPIODirModeSet)
                  00000f70    00000024                   : can.obj (.text:_CANDataRegWrite)
                  00000f94    00000022                   : can.obj (.text:CANIntClear)
                  00000fb6    00000020                   : can.obj (.text:CANIntStatus)
                  00000fd6    00000002     --HOLE-- [fill = 0]
                  00000fd8    00000020                   : uart.obj (.text:UARTDisable)
                  00000ff8    0000001c     rtsv7M4_T_le_v4SPD16_eabi.lib : copy_zero_init.c.obj (.text:decompress:ZI:__TI_zero_init_nomemset:__TI_zero_init_nomemset)
                  00001014    00000018     driverlib.lib : can.obj (.text:CANIntRegister)
                  0000102c    00000016                   : gpio.obj (.text:GPIOPinTypeCAN)
                  00001042    00000016                   : gpio.obj (.text:GPIOPinTypeUART)
                  00001058    00000014                   : uart.obj (.text:UARTEnable)
                  0000106c    0000000e                   : uart.obj (.text:UARTCharGetNonBlocking)
                  0000107a    0000000e                   : uart.obj (.text:UARTCharsAvail)
                  00001088    0000000e     rtsv7M4_T_le_v4SPD16_eabi.lib : copy_decompress_none.c.obj (.text:decompress:none:__TI_decompress_none)
                  00001096    0000000c     tm4c123gh6pm_startup_ccs.obj (.text)
                  000010a2    0000000a     driverlib.lib : can.obj (.text:CANEnable)
                  000010ac    0000000a                   : uart.obj (.text:UARTCharPut)
                  000010b6    00000008                   : can.obj (.text:CANIntEnable)
                  000010be    00000004     rtsv7M4_T_le_v4SPD16_eabi.lib : pre_init.c.obj (.text:_system_pre_init)
                  000010c2    00000004                                   : exit.c.obj (.text:abort:abort)

.const     0    000010c8    00000134     
                  000010c8    00000090     driverlib.lib : gpio.obj (.const:g_pui32GPIOBaseAddrs)
                  00001158    0000006c                   : sysctl.obj (.const:g_pui32Xtals)
                  000011c4    00000020                   : can.obj (.const:g_ui16CANBitValues)
                  000011e4    00000014                   : interrupt.obj (.const:g_pui32EnRegs)
                  000011f8    00000004     main.obj (.const:.string:$P$T0$1)

.cinit     0    00001200    00000038     
                  00001200    0000000e     (.cinit..data.load) [load image, compression = lzss]
                  0000120e    00000002     --HOLE-- [fill = 0]
                  00001210    0000000c     (__TI_handler_table)
                  0000121c    00000004     --HOLE-- [fill = 0]
                  00001220    00000008     (.cinit..vtable.load) [load image, compression = zero_init]
                  00001228    00000010     (__TI_cinit_table)

.init_array 
*          0    00000000    00000000     UNINITIALIZED

.vtable    0    20000000    0000026c     UNINITIALIZED
                  20000000    0000026c     driverlib.lib : interrupt.obj (.vtable)

.data      0    2000026c    000077fc     UNINITIALIZED
                  2000026c    000077ec     main.obj (.data:RecievedBufferPC)
                  20007a58    00000009     CAN_TX.obj (.data)
                  20007a61    00000001     --HOLE--
                  20007a62    00000006     main.obj (.data)

.stack     0    20007a68    00000200     UNINITIALIZED
                  20007a68    00000004     rtsv7M4_T_le_v4SPD16_eabi.lib : boot_cortex_m.c.obj (.stack)
                  20007a6c    000001fc     --HOLE--

__llvm_prf_cnts 
*          0    20000000    00000000     UNINITIALIZED

MODULE SUMMARY

       Module                         code   ro data   rw data
       ------                         ----   -------   -------
    .\
       main.obj                       628    4         30706  
       tm4c123gh6pm_startup_ccs.obj   12     620       0      
    +--+------------------------------+------+---------+---------+
       Total:                         640    624       30706  
                                                              
    .\HAL\CAN_TX\
       CAN_TX.obj                     308    0         9      
    +--+------------------------------+------+---------+---------+
       Total:                         308    0         9      
                                                              
    .\HAL\Hex_Recieve\
       Hex_Recieve.obj                164    0         0      
    +--+------------------------------+------+---------+---------+
       Total:                         164    0         0      
                                                              
    C:/ti/TivaWare_C_Series-2.2.0.295/driverlib/ccs/Debug/driverlib.lib
       can.obj                        770    32        0      
       interrupt.obj                  156    20        620    
       gpio.obj                       528    144       0      
       sysctl.obj                     388    108       0      
       uart.obj                       160    0         0      
    +--+------------------------------+------+---------+---------+
       Total:                         2002   304       620    
                                                              
    C:\ti\ccs1240\ccs\tools\compiler\ti-cgt-arm_20.2.7.LTS\lib\rtsv7M4_T_le_v4SPD16_eabi.lib
       memcpy_t2.asm.obj              156    0         0      
       memset_t2.asm.obj              122    0         0      
       copy_decompress_lzss.c.obj     104    0         0      
       autoinit.c.obj                 68     0         0      
       boot_cortex_m.c.obj            52     0         0      
       copy_zero_init.c.obj           28     0         0      
       copy_decompress_none.c.obj     14     0         0      
       exit.c.obj                     4      0         0      
       pre_init.c.obj                 4      0         0      
    +--+------------------------------+------+---------+---------+
       Total:                         552    0         0      
                                                              
       Stack:                         0      0         512    
       Linker Generated:              0      50        0      
    +--+------------------------------+------+---------+---------+
       Grand Total:                   3666   978       31847  


LINKER GENERATED COPY TABLES

__TI_cinit_table @ 00001228 records: 2, size/record: 8, table size: 16
	.data: load addr=00001200, load size=0000000e bytes, run addr=2000026c, run size=000077fc bytes, compression=lzss
	.vtable: load addr=00001220, load size=00000008 bytes, run addr=20000000, run size=0000026c bytes, compression=zero_init


LINKER GENERATED HANDLER TABLE

__TI_handler_table @ 00001210 records: 3, size/record: 4, table size: 12
	index: 0, handler: __TI_zero_init
	index: 1, handler: __TI_decompress_lzss
	index: 2, handler: __TI_decompress_none


GLOBAL SYMBOLS: SORTED ALPHABETICALLY BY Name 

address   name                          
-------   ----                          
000010c3  C$$EXIT                       
00000b85  CANBitRateSet                 
000010a3  CANEnable                     
00000e35  CANInit                       
00000f95  CANIntClear                   
000010b7  CANIntEnable                  
0000064d  CANIntHandler                 
00001015  CANIntRegister                
00000fb7  CANIntStatus                  
00000781  CANMessageSet                 
00000df5  CANStatusGet                  
00000f45  GPIODirModeSet                
000004e1  GPIOPadConfigSet              
00000d1d  GPIOPinConfigure              
0000102d  GPIOPinTypeCAN                
00001043  GPIOPinTypeUART               
00000bf1  IntEnable                     
00000ea9  IntRegister                   
00000a4f  IsDataAvailable               
20007a63  PC_Buffer_FULL                
20007a64  PC_Index                      
2000026c  RecievedBufferPC              
20007a62  Recived_Byte                  
00001097  ResetISR                      
20007a67  Send_Flag                     
20007a66  State                         
000008b1  SysCtlClockGet                
00000edd  SysCtlPeripheralEnable        
00000e71  SysCtlPeripheralReady         
0000106d  UARTCharGetNonBlocking        
000010ad  UARTCharPut                   
0000107b  UARTCharsAvail                
00000d69  UARTConfigSetExpClk           
00000fd9  UARTDisable                   
00001059  UARTEnable                    
20007c68  __STACK_END                   
00000200  __STACK_SIZE                  
20007c68  __STACK_TOP                   
00001228  __TI_CINIT_Base               
00001238  __TI_CINIT_Limit              
00001210  __TI_Handler_Table_Base       
0000121c  __TI_Handler_Table_Limit      
00000db1  __TI_auto_init_nobinit_nopinit
00000c59  __TI_decompress_lzss          
00001089  __TI_decompress_none          
ffffffff  __TI_pprof_out_hndl           
ffffffff  __TI_prof_data_size           
ffffffff  __TI_prof_data_start          
00000000  __TI_static_base__            
00000ff9  __TI_zero_init_nomemset       
00000b09  __aeabi_memclr                
00000b09  __aeabi_memclr4               
00000b09  __aeabi_memclr8               
00000a6d  __aeabi_memcpy                
00000a6d  __aeabi_memcpy4               
00000a6d  __aeabi_memcpy8               
00000b0b  __aeabi_memset                
00000b0b  __aeabi_memset4               
00000b0b  __aeabi_memset8               
ffffffff  __binit__                     
ffffffff  __c_args__                    
UNDEFED   __mpu_init                    
20007a68  __stack                       
20000000  __start___llvm_prf_cnts       
20000000  __stop___llvm_prf_cnts        
00000f11  _c_int00_noargs               
UNDEFED   _system_post_cinit            
000010bf  _system_pre_init              
000010c3  abort                         
ffffffff  binit                         
000006bd  can_init                      
00000711  can_send                      
20007a58  g_bErrFlag                    
20000000  g_pfnRAMVectors               
00000000  g_pfnVectors                  
20007a5c  g_ui32MsgCount                
0000026d  get_FileSize                  
00000339  main                          
00000a6d  memcpy                        
00000b11  memset                        
000009c9  send_StringPC                 
20007a60  sent_Flag                     
00000a01  uart_init                     


GLOBAL SYMBOLS: SORTED BY Symbol Address 

address   name                          
-------   ----                          
00000000  __TI_static_base__            
00000000  g_pfnVectors                  
00000200  __STACK_SIZE                  
0000026d  get_FileSize                  
00000339  main                          
000004e1  GPIOPadConfigSet              
0000064d  CANIntHandler                 
000006bd  can_init                      
00000711  can_send                      
00000781  CANMessageSet                 
000008b1  SysCtlClockGet                
000009c9  send_StringPC                 
00000a01  uart_init                     
00000a4f  IsDataAvailable               
00000a6d  __aeabi_memcpy                
00000a6d  __aeabi_memcpy4               
00000a6d  __aeabi_memcpy8               
00000a6d  memcpy                        
00000b09  __aeabi_memclr                
00000b09  __aeabi_memclr4               
00000b09  __aeabi_memclr8               
00000b0b  __aeabi_memset                
00000b0b  __aeabi_memset4               
00000b0b  __aeabi_memset8               
00000b11  memset                        
00000b85  CANBitRateSet                 
00000bf1  IntEnable                     
00000c59  __TI_decompress_lzss          
00000d1d  GPIOPinConfigure              
00000d69  UARTConfigSetExpClk           
00000db1  __TI_auto_init_nobinit_nopinit
00000df5  CANStatusGet                  
00000e35  CANInit                       
00000e71  SysCtlPeripheralReady         
00000ea9  IntRegister                   
00000edd  SysCtlPeripheralEnable        
00000f11  _c_int00_noargs               
00000f45  GPIODirModeSet                
00000f95  CANIntClear                   
00000fb7  CANIntStatus                  
00000fd9  UARTDisable                   
00000ff9  __TI_zero_init_nomemset       
00001015  CANIntRegister                
0000102d  GPIOPinTypeCAN                
00001043  GPIOPinTypeUART               
00001059  UARTEnable                    
0000106d  UARTCharGetNonBlocking        
0000107b  UARTCharsAvail                
00001089  __TI_decompress_none          
00001097  ResetISR                      
000010a3  CANEnable                     
000010ad  UARTCharPut                   
000010b7  CANIntEnable                  
000010bf  _system_pre_init              
000010c3  C$$EXIT                       
000010c3  abort                         
00001210  __TI_Handler_Table_Base       
0000121c  __TI_Handler_Table_Limit      
00001228  __TI_CINIT_Base               
00001238  __TI_CINIT_Limit              
20000000  __start___llvm_prf_cnts       
20000000  __stop___llvm_prf_cnts        
20000000  g_pfnRAMVectors               
2000026c  RecievedBufferPC              
20007a58  g_bErrFlag                    
20007a5c  g_ui32MsgCount                
20007a60  sent_Flag                     
20007a62  Recived_Byte                  
20007a63  PC_Buffer_FULL                
20007a64  PC_Index                      
20007a66  State                         
20007a67  Send_Flag                     
20007a68  __stack                       
20007c68  __STACK_END                   
20007c68  __STACK_TOP                   
ffffffff  __TI_pprof_out_hndl           
ffffffff  __TI_prof_data_size           
ffffffff  __TI_prof_data_start          
ffffffff  __binit__                     
ffffffff  __c_args__                    
ffffffff  binit                         
UNDEFED   __mpu_init                    
UNDEFED   _system_post_cinit            

[83 symbols]
