******************************************************************************
                  TI ARM Linker PC v20.2.7                     
******************************************************************************
>> Linked Fri Oct 20 22:32:23 2023

OUTPUT FILE NAME:   <Sending_Board_InitialRelese.out>
ENTRY POINT SYMBOL: "_c_int00_noargs"  address: 0000109d


MEMORY CONFIGURATION

         name            origin    length      used     unused   attr    fill
----------------------  --------  ---------  --------  --------  ----  --------
  FLASH                 00000000   00040000  000013de  0003ec22  R  X
  SRAM                  20000000   00008000  00007c61  0000039f  RW X


SEGMENT ALLOCATION MAP

run origin  load origin   length   init length attrs members
----------  ----------- ---------- ----------- ----- -------
00000000    00000000    000013e0   000013e0    r-x
  00000000    00000000    0000026c   0000026c    r-- .intvecs
  0000026c    0000026c    0000100e   0000100e    r-x .text
  0000127c    0000127c    00000134   00000134    r-- .const
  000013b0    000013b0    00000030   00000030    r-- .cinit
20000000    20000000    00007c68   00000000    rw-
  20000000    20000000    0000026c   00000000    rw- .vtable
  2000026c    2000026c    000077f5   00000000    rw- .data
  20007a68    20007a68    00000200   00000000    rw- .stack


SECTION ALLOCATION MAP

 output                                  attributes/
section   page    origin      length       input sections
--------  ----  ----------  ----------   ----------------
.intvecs   0    00000000    0000026c     
                  00000000    0000026c     tm4c123gh6pm_startup_ccs.obj (.intvecs)

.text      0    0000026c    0000100e     
                  0000026c    00000290     main.obj (.text)
                  000004fc    0000018c     CAN_TX.obj (.text)
                  00000688    0000016c     driverlib.lib : gpio.obj (.text:GPIOPadConfigSet)
                  000007f4    00000130                   : can.obj (.text:CANMessageSet)
                  00000924    00000118                   : sysctl.obj (.text:SysCtlClockGet)
                  00000a3c    00000116                   : can.obj (.text:CANMessageGet)
                  00000b52    00000002     --HOLE-- [fill = 0]
                  00000b54    000000a4     Hex_Recieve.obj (.text)
                  00000bf8    0000009c     rtsv7M4_T_le_v4SPD16_eabi.lib : memcpy_t2.asm.obj (.text)
                  00000c94    0000007a                                   : memset_t2.asm.obj (.text)
                  00000d0e    00000002     --HOLE-- [fill = 0]
                  00000d10    0000006c     driverlib.lib : can.obj (.text:CANBitRateSet)
                  00000d7c    00000068                   : interrupt.obj (.text:IntEnable)
                  00000de4    00000068     rtsv7M4_T_le_v4SPD16_eabi.lib : copy_decompress_lzss.c.obj (.text:decompress:lzss:__TI_decompress_lzss)
                  00000e4c    0000005c     driverlib.lib : can.obj (.text:_CANIntNumberGet)
                  00000ea8    0000004c                   : gpio.obj (.text:GPIOPinConfigure)
                  00000ef4    00000046                   : uart.obj (.text:UARTConfigSetExpClk)
                  00000f3a    00000002     --HOLE-- [fill = 0]
                  00000f3c    00000044     rtsv7M4_T_le_v4SPD16_eabi.lib : autoinit.c.obj (.text:__TI_auto_init_nobinit_nopinit:__TI_auto_init_nobinit_nopinit)
                  00000f80    00000040     driverlib.lib : can.obj (.text:CANStatusGet)
                  00000fc0    0000003a                   : can.obj (.text:CANInit)
                  00000ffa    00000002     --HOLE-- [fill = 0]
                  00000ffc    00000038                   : sysctl.obj (.text:SysCtlPeripheralReady)
                  00001034    00000034                   : interrupt.obj (.text:IntRegister)
                  00001068    00000034                   : sysctl.obj (.text:SysCtlPeripheralEnable)
                  0000109c    00000034     rtsv7M4_T_le_v4SPD16_eabi.lib : boot_cortex_m.c.obj (.text:_c_int00_noargs:_c_int00_noargs)
                  000010d0    0000002c     driverlib.lib : gpio.obj (.text:GPIODirModeSet)
                  000010fc    0000002a                   : can.obj (.text:_CANDataRegRead)
                  00001126    00000024                   : can.obj (.text:_CANDataRegWrite)
                  0000114a    00000022                   : can.obj (.text:CANIntClear)
                  0000116c    00000020                   : can.obj (.text:CANIntStatus)
                  0000118c    00000020                   : uart.obj (.text:UARTDisable)
                  000011ac    0000001c     rtsv7M4_T_le_v4SPD16_eabi.lib : copy_zero_init.c.obj (.text:decompress:ZI:__TI_zero_init_nomemset:__TI_zero_init_nomemset)
                  000011c8    00000018     driverlib.lib : can.obj (.text:CANIntRegister)
                  000011e0    00000016                   : gpio.obj (.text:GPIOPinTypeCAN)
                  000011f6    00000016                   : gpio.obj (.text:GPIOPinTypeUART)
                  0000120c    00000014                   : uart.obj (.text:UARTEnable)
                  00001220    0000000e                   : uart.obj (.text:UARTCharGetNonBlocking)
                  0000122e    0000000e                   : uart.obj (.text:UARTCharsAvail)
                  0000123c    0000000e     rtsv7M4_T_le_v4SPD16_eabi.lib : copy_decompress_none.c.obj (.text:decompress:none:__TI_decompress_none)
                  0000124a    0000000c     tm4c123gh6pm_startup_ccs.obj (.text)
                  00001256    0000000a     driverlib.lib : can.obj (.text:CANEnable)
                  00001260    0000000a                   : uart.obj (.text:UARTCharPut)
                  0000126a    00000008                   : can.obj (.text:CANIntEnable)
                  00001272    00000004     rtsv7M4_T_le_v4SPD16_eabi.lib : pre_init.c.obj (.text:_system_pre_init)
                  00001276    00000004                                   : exit.c.obj (.text:abort:abort)

.const     0    0000127c    00000134     
                  0000127c    00000090     driverlib.lib : gpio.obj (.const:g_pui32GPIOBaseAddrs)
                  0000130c    0000006c                   : sysctl.obj (.const:g_pui32Xtals)
                  00001378    00000020                   : can.obj (.const:g_ui16CANBitValues)
                  00001398    00000014                   : interrupt.obj (.const:g_pui32EnRegs)
                  000013ac    00000004     main.obj (.const:.string:$P$T0$1)

.cinit     0    000013b0    00000030     
                  000013b0    0000000c     (__TI_handler_table)
                  000013bc    00000009     (.cinit..data.load) [load image, compression = lzss]
                  000013c5    00000003     --HOLE-- [fill = 0]
                  000013c8    00000008     (.cinit..vtable.load) [load image, compression = zero_init]
                  000013d0    00000010     (__TI_cinit_table)

.init_array 
*          0    00000000    00000000     UNINITIALIZED

.vtable    0    20000000    0000026c     UNINITIALIZED
                  20000000    0000026c     driverlib.lib : interrupt.obj (.vtable)

.data      0    2000026c    000077f5     UNINITIALIZED
                  2000026c    000077ec     main.obj (.data:RecievedBufferPC)
                  20007a58    00000006     main.obj (.data)
                  20007a5e    00000003     CAN_TX.obj (.data)

.stack     0    20007a68    00000200     UNINITIALIZED
                  20007a68    00000004     rtsv7M4_T_le_v4SPD16_eabi.lib : boot_cortex_m.c.obj (.stack)
                  20007a6c    000001fc     --HOLE--

__llvm_prf_cnts 
*          0    20000000    00000000     UNINITIALIZED

MODULE SUMMARY

       Module                         code   ro data   rw data
       ------                         ----   -------   -------
    .\
       main.obj                       656    4         30706  
       tm4c123gh6pm_startup_ccs.obj   12     620       0      
    +--+------------------------------+------+---------+---------+
       Total:                         668    624       30706  
                                                              
    .\HAL\CAN_TX\
       CAN_TX.obj                     396    0         3      
    +--+------------------------------+------+---------+---------+
       Total:                         396    0         3      
                                                              
    .\HAL\Hex_Recieve\
       Hex_Recieve.obj                164    0         0      
    +--+------------------------------+------+---------+---------+
       Total:                         164    0         0      
                                                              
    C:/ti/TivaWare_C_Series-2.2.0.295/driverlib/ccs/Debug/driverlib.lib
       can.obj                        1090   32        0      
       interrupt.obj                  156    20        620    
       gpio.obj                       528    144       0      
       sysctl.obj                     388    108       0      
       uart.obj                       160    0         0      
    +--+------------------------------+------+---------+---------+
       Total:                         2322   304       620    
                                                              
    C:\ti\ccs1240\ccs\tools\compiler\ti-cgt-arm_20.2.7.LTS\lib\rtsv7M4_T_le_v4SPD16_eabi.lib
       memcpy_t2.asm.obj              156    0         0      
       memset_t2.asm.obj              122    0         0      
       copy_decompress_lzss.c.obj     104    0         0      
       autoinit.c.obj                 68     0         0      
       boot_cortex_m.c.obj            52     0         0      
       copy_zero_init.c.obj           28     0         0      
       copy_decompress_none.c.obj     14     0         0      
       exit.c.obj                     4      0         0      
       pre_init.c.obj                 4      0         0      
    +--+------------------------------+------+---------+---------+
       Total:                         552    0         0      
                                                              
       Stack:                         0      0         512    
       Linker Generated:              0      45        0      
    +--+------------------------------+------+---------+---------+
       Grand Total:                   4102   973       31841  


LINKER GENERATED COPY TABLES

__TI_cinit_table @ 000013d0 records: 2, size/record: 8, table size: 16
	.data: load addr=000013bc, load size=00000009 bytes, run addr=2000026c, run size=000077f5 bytes, compression=lzss
	.vtable: load addr=000013c8, load size=00000008 bytes, run addr=20000000, run size=0000026c bytes, compression=zero_init


LINKER GENERATED HANDLER TABLE

__TI_handler_table @ 000013b0 records: 3, size/record: 4, table size: 12
	index: 0, handler: __TI_zero_init
	index: 1, handler: __TI_decompress_lzss
	index: 2, handler: __TI_decompress_none


GLOBAL SYMBOLS: SORTED ALPHABETICALLY BY Name 

address   name                          
-------   ----                          
00001277  C$$EXIT                       
00000d11  CANBitRateSet                 
00001257  CANEnable                     
00000fc1  CANInit                       
0000114b  CANIntClear                   
0000126b  CANIntEnable                  
000004fd  CANIntHandler                 
000011c9  CANIntRegister                
0000116d  CANIntStatus                  
00000a3d  CANMessageGet                 
000007f5  CANMessageSet                 
00000f81  CANStatusGet                  
000010d1  GPIODirModeSet                
00000689  GPIOPadConfigSet              
00000ea9  GPIOPinConfigure              
000011e1  GPIOPinTypeCAN                
000011f7  GPIOPinTypeUART               
00000d7d  IntEnable                     
00001035  IntRegister                   
00000bdb  IsDataAvailable               
20007a59  PC_Buffer_FULL                
20007a5a  PC_Index                      
2000026c  RecievedBufferPC              
20007a58  Recived_Byte                  
0000124b  ResetISR                      
20007a5d  Send_Flag                     
20007a5c  State                         
00000925  SysCtlClockGet                
00001069  SysCtlPeripheralEnable        
00000ffd  SysCtlPeripheralReady         
00001221  UARTCharGetNonBlocking        
00001261  UARTCharPut                   
0000122f  UARTCharsAvail                
00000ef5  UARTConfigSetExpClk           
0000118d  UARTDisable                   
0000120d  UARTEnable                    
20007c68  __STACK_END                   
00000200  __STACK_SIZE                  
20007c68  __STACK_TOP                   
000013d0  __TI_CINIT_Base               
000013e0  __TI_CINIT_Limit              
000013b0  __TI_Handler_Table_Base       
000013bc  __TI_Handler_Table_Limit      
00000f3d  __TI_auto_init_nobinit_nopinit
00000de5  __TI_decompress_lzss          
0000123d  __TI_decompress_none          
ffffffff  __TI_pprof_out_hndl           
ffffffff  __TI_prof_data_size           
ffffffff  __TI_prof_data_start          
00000000  __TI_static_base__            
000011ad  __TI_zero_init_nomemset       
00000c95  __aeabi_memclr                
00000c95  __aeabi_memclr4               
00000c95  __aeabi_memclr8               
00000bf9  __aeabi_memcpy                
00000bf9  __aeabi_memcpy4               
00000bf9  __aeabi_memcpy8               
00000c97  __aeabi_memset                
00000c97  __aeabi_memset4               
00000c97  __aeabi_memset8               
ffffffff  __binit__                     
ffffffff  __c_args__                    
UNDEFED   __mpu_init                    
20007a68  __stack                       
20000000  __start___llvm_prf_cnts       
20000000  __stop___llvm_prf_cnts        
0000109d  _c_int00_noargs               
UNDEFED   _system_post_cinit            
00001273  _system_pre_init              
00001277  abort                         
ffffffff  binit                         
00000579  can_init                      
0000060f  can_receiveNonBlocking        
000005cd  can_send                      
20007a5e  g_bErrFlag                    
20007a60  g_bRXFlag                     
20000000  g_pfnRAMVectors               
00000000  g_pfnVectors                  
0000026d  get_FileSize                  
00000339  main                          
00000bf9  memcpy                        
00000c9d  memset                        
00000b55  send_StringPC                 
20007a5f  sent_Flag                     
00000b8d  uart_init                     


GLOBAL SYMBOLS: SORTED BY Symbol Address 

address   name                          
-------   ----                          
00000000  __TI_static_base__            
00000000  g_pfnVectors                  
00000200  __STACK_SIZE                  
0000026d  get_FileSize                  
00000339  main                          
000004fd  CANIntHandler                 
00000579  can_init                      
000005cd  can_send                      
0000060f  can_receiveNonBlocking        
00000689  GPIOPadConfigSet              
000007f5  CANMessageSet                 
00000925  SysCtlClockGet                
00000a3d  CANMessageGet                 
00000b55  send_StringPC                 
00000b8d  uart_init                     
00000bdb  IsDataAvailable               
00000bf9  __aeabi_memcpy                
00000bf9  __aeabi_memcpy4               
00000bf9  __aeabi_memcpy8               
00000bf9  memcpy                        
00000c95  __aeabi_memclr                
00000c95  __aeabi_memclr4               
00000c95  __aeabi_memclr8               
00000c97  __aeabi_memset                
00000c97  __aeabi_memset4               
00000c97  __aeabi_memset8               
00000c9d  memset                        
00000d11  CANBitRateSet                 
00000d7d  IntEnable                     
00000de5  __TI_decompress_lzss          
00000ea9  GPIOPinConfigure              
00000ef5  UARTConfigSetExpClk           
00000f3d  __TI_auto_init_nobinit_nopinit
00000f81  CANStatusGet                  
00000fc1  CANInit                       
00000ffd  SysCtlPeripheralReady         
00001035  IntRegister                   
00001069  SysCtlPeripheralEnable        
0000109d  _c_int00_noargs               
000010d1  GPIODirModeSet                
0000114b  CANIntClear                   
0000116d  CANIntStatus                  
0000118d  UARTDisable                   
000011ad  __TI_zero_init_nomemset       
000011c9  CANIntRegister                
000011e1  GPIOPinTypeCAN                
000011f7  GPIOPinTypeUART               
0000120d  UARTEnable                    
00001221  UARTCharGetNonBlocking        
0000122f  UARTCharsAvail                
0000123d  __TI_decompress_none          
0000124b  ResetISR                      
00001257  CANEnable                     
00001261  UARTCharPut                   
0000126b  CANIntEnable                  
00001273  _system_pre_init              
00001277  C$$EXIT                       
00001277  abort                         
000013b0  __TI_Handler_Table_Base       
000013bc  __TI_Handler_Table_Limit      
000013d0  __TI_CINIT_Base               
000013e0  __TI_CINIT_Limit              
20000000  __start___llvm_prf_cnts       
20000000  __stop___llvm_prf_cnts        
20000000  g_pfnRAMVectors               
2000026c  RecievedBufferPC              
20007a58  Recived_Byte                  
20007a59  PC_Buffer_FULL                
20007a5a  PC_Index                      
20007a5c  State                         
20007a5d  Send_Flag                     
20007a5e  g_bErrFlag                    
20007a5f  sent_Flag                     
20007a60  g_bRXFlag                     
20007a68  __stack                       
20007c68  __STACK_END                   
20007c68  __STACK_TOP                   
ffffffff  __TI_pprof_out_hndl           
ffffffff  __TI_prof_data_size           
ffffffff  __TI_prof_data_start          
ffffffff  __binit__                     
ffffffff  __c_args__                    
ffffffff  binit                         
UNDEFED   __mpu_init                    
UNDEFED   _system_post_cinit            

[85 symbols]
