<?xml version="1.0" encoding="ISO-8859-1" ?>
<link_info>
   <banner>TI ARM Linker PC v20.2.7.LTS</banner>
   <copyright>Copyright (c) 1996-2018 Texas Instruments Incorporated</copyright>
   <link_time>0x652d8736</link_time>
   <link_errors>0x0</link_errors>
   <output_file>Sending_Board_Final_V2.out</output_file>
   <entry_point>
      <name>_c_int00_noargs</name>
      <address>0xef9</address>
   </entry_point>
   <input_file_list>
      <input_file id="fl-2">
         <path>.\</path>
         <kind>object</kind>
         <file>main.obj</file>
         <name>main.obj</name>
      </input_file>
      <input_file id="fl-3">
         <path>.\</path>
         <kind>object</kind>
         <file>tm4c123gh6pm_startup_ccs.obj</file>
         <name>tm4c123gh6pm_startup_ccs.obj</name>
      </input_file>
      <input_file id="fl-4">
         <path>.\</path>
         <kind>object</kind>
         <file>uartstdio.obj</file>
         <name>uartstdio.obj</name>
      </input_file>
      <input_file id="fl-5">
         <path>.\HAL\CAN_TX\</path>
         <kind>object</kind>
         <file>CAN_TX.obj</file>
         <name>CAN_TX.obj</name>
      </input_file>
      <input_file id="fl-6">
         <path>.\HAL\Hex_Recieve\</path>
         <kind>object</kind>
         <file>Hex_Recieve.obj</file>
         <name>Hex_Recieve.obj</name>
      </input_file>
      <input_file id="fl-b">
         <kind>object</kind>
         <file>&lt;internal&gt;</file>
         <name>&lt;internal&gt;</name>
      </input_file>
      <input_file id="fl-c">
         <path>C:\ti\TivaWare_C_Series-2.2.0.295\driverlib\ccs\Debug\</path>
         <kind>archive</kind>
         <file>driverlib.lib</file>
         <name>can.obj</name>
      </input_file>
      <input_file id="fl-d">
         <path>C:\ti\TivaWare_C_Series-2.2.0.295\driverlib\ccs\Debug\</path>
         <kind>archive</kind>
         <file>driverlib.lib</file>
         <name>gpio.obj</name>
      </input_file>
      <input_file id="fl-e">
         <path>C:\ti\TivaWare_C_Series-2.2.0.295\driverlib\ccs\Debug\</path>
         <kind>archive</kind>
         <file>driverlib.lib</file>
         <name>interrupt.obj</name>
      </input_file>
      <input_file id="fl-f">
         <path>C:\ti\TivaWare_C_Series-2.2.0.295\driverlib\ccs\Debug\</path>
         <kind>archive</kind>
         <file>driverlib.lib</file>
         <name>sysctl.obj</name>
      </input_file>
      <input_file id="fl-10">
         <path>C:\ti\TivaWare_C_Series-2.2.0.295\driverlib\ccs\Debug\</path>
         <kind>archive</kind>
         <file>driverlib.lib</file>
         <name>uart.obj</name>
      </input_file>
      <input_file id="fl-11">
         <path>C:\ti\TivaWare_C_Series-2.2.0.295\driverlib\ccs\Debug\</path>
         <kind>archive</kind>
         <file>driverlib.lib</file>
         <name>cpu.obj</name>
      </input_file>
      <input_file id="fl-c7">
         <path>C:\ti\ccs1240\ccs\tools\compiler\ti-cgt-arm_20.2.7.LTS\lib\</path>
         <kind>archive</kind>
         <file>rtsv7M4_T_le_v4SPD16_eabi.lib</file>
         <name>memset_t2.asm.obj</name>
      </input_file>
      <input_file id="fl-c8">
         <path>C:\ti\ccs1240\ccs\tools\compiler\ti-cgt-arm_20.2.7.LTS\lib\</path>
         <kind>archive</kind>
         <file>rtsv7M4_T_le_v4SPD16_eabi.lib</file>
         <name>u_divt2.asm.obj</name>
      </input_file>
      <input_file id="fl-c9">
         <path>C:\ti\ccs1240\ccs\tools\compiler\ti-cgt-arm_20.2.7.LTS\lib\</path>
         <kind>archive</kind>
         <file>rtsv7M4_T_le_v4SPD16_eabi.lib</file>
         <name>copy_zero_init.c.obj</name>
      </input_file>
      <input_file id="fl-ca">
         <path>C:\ti\ccs1240\ccs\tools\compiler\ti-cgt-arm_20.2.7.LTS\lib\</path>
         <kind>archive</kind>
         <file>rtsv7M4_T_le_v4SPD16_eabi.lib</file>
         <name>copy_decompress_none.c.obj</name>
      </input_file>
      <input_file id="fl-cb">
         <path>C:\ti\ccs1240\ccs\tools\compiler\ti-cgt-arm_20.2.7.LTS\lib\</path>
         <kind>archive</kind>
         <file>rtsv7M4_T_le_v4SPD16_eabi.lib</file>
         <name>copy_decompress_lzss.c.obj</name>
      </input_file>
      <input_file id="fl-cc">
         <path>C:\ti\ccs1240\ccs\tools\compiler\ti-cgt-arm_20.2.7.LTS\lib\</path>
         <kind>archive</kind>
         <file>rtsv7M4_T_le_v4SPD16_eabi.lib</file>
         <name>boot_cortex_m.c.obj</name>
      </input_file>
      <input_file id="fl-cd">
         <path>C:\ti\ccs1240\ccs\tools\compiler\ti-cgt-arm_20.2.7.LTS\lib\</path>
         <kind>archive</kind>
         <file>rtsv7M4_T_le_v4SPD16_eabi.lib</file>
         <name>div0.asm.obj</name>
      </input_file>
      <input_file id="fl-ce">
         <path>C:\ti\ccs1240\ccs\tools\compiler\ti-cgt-arm_20.2.7.LTS\lib\</path>
         <kind>archive</kind>
         <file>rtsv7M4_T_le_v4SPD16_eabi.lib</file>
         <name>memcpy_t2.asm.obj</name>
      </input_file>
      <input_file id="fl-cf">
         <path>C:\ti\ccs1240\ccs\tools\compiler\ti-cgt-arm_20.2.7.LTS\lib\</path>
         <kind>archive</kind>
         <file>rtsv7M4_T_le_v4SPD16_eabi.lib</file>
         <name>autoinit.c.obj</name>
      </input_file>
      <input_file id="fl-d0">
         <path>C:\ti\ccs1240\ccs\tools\compiler\ti-cgt-arm_20.2.7.LTS\lib\</path>
         <kind>archive</kind>
         <file>rtsv7M4_T_le_v4SPD16_eabi.lib</file>
         <name>pre_init.c.obj</name>
      </input_file>
      <input_file id="fl-d1">
         <path>C:\ti\ccs1240\ccs\tools\compiler\ti-cgt-arm_20.2.7.LTS\lib\</path>
         <kind>archive</kind>
         <file>rtsv7M4_T_le_v4SPD16_eabi.lib</file>
         <name>cpy_tbl.c.obj</name>
      </input_file>
      <input_file id="fl-d2">
         <path>C:\ti\ccs1240\ccs\tools\compiler\ti-cgt-arm_20.2.7.LTS\lib\</path>
         <kind>archive</kind>
         <file>rtsv7M4_T_le_v4SPD16_eabi.lib</file>
         <name>exit.c.obj</name>
      </input_file>
      <input_file id="fl-d3">
         <path>C:\ti\ccs1240\ccs\tools\compiler\ti-cgt-arm_20.2.7.LTS\lib\</path>
         <kind>archive</kind>
         <file>rtsv7M4_T_le_v4SPD16_eabi.lib</file>
         <name>_lock.c.obj</name>
      </input_file>
      <input_file id="fl-d4">
         <path>C:\ti\ccs1240\ccs\tools\compiler\ti-cgt-arm_20.2.7.LTS\lib\</path>
         <kind>archive</kind>
         <file>rtsv7M4_T_le_v4SPD16_eabi.lib</file>
         <name>args_main.c.obj</name>
      </input_file>
   </input_file_list>
   <object_component_list>
      <object_component id="oc-12">
         <name>.intvecs</name>
         <load_address>0x0</load_address>
         <run_address>0x0</run_address>
         <size>0x26c</size>
         <input_file_ref idref="fl-3"/>
      </object_component>
      <object_component id="oc-9b">
         <name>.text</name>
         <load_address>0x26c</load_address>
         <run_address>0x26c</run_address>
         <size>0x25c</size>
         <input_file_ref idref="fl-2"/>
      </object_component>
      <object_component id="oc-1ef">
         <name>.text:GPIOPadConfigSet</name>
         <load_address>0x4c8</load_address>
         <run_address>0x4c8</run_address>
         <size>0x16c</size>
         <input_file_ref idref="fl-d"/>
      </object_component>
      <object_component id="oc-d4">
         <name>.text</name>
         <load_address>0x634</load_address>
         <run_address>0x634</run_address>
         <size>0x134</size>
         <input_file_ref idref="fl-5"/>
      </object_component>
      <object_component id="oc-1a3">
         <name>.text:CANMessageSet</name>
         <load_address>0x768</load_address>
         <run_address>0x768</run_address>
         <size>0x130</size>
         <input_file_ref idref="fl-c"/>
      </object_component>
      <object_component id="oc-140">
         <name>.text:SysCtlClockGet</name>
         <load_address>0x898</load_address>
         <run_address>0x898</run_address>
         <size>0x118</size>
         <input_file_ref idref="fl-f"/>
      </object_component>
      <object_component id="oc-c8">
         <name>.text</name>
         <load_address>0x9b0</load_address>
         <run_address>0x9b0</run_address>
         <size>0xa4</size>
         <input_file_ref idref="fl-6"/>
      </object_component>
      <object_component id="oc-3b">
         <name>.text</name>
         <load_address>0xa54</load_address>
         <run_address>0xa54</run_address>
         <size>0x9c</size>
         <input_file_ref idref="fl-ce"/>
      </object_component>
      <object_component id="oc-8f">
         <name>.text</name>
         <load_address>0xaf0</load_address>
         <run_address>0xaf0</run_address>
         <size>0x7a</size>
         <input_file_ref idref="fl-c7"/>
      </object_component>
      <object_component id="oc-185">
         <name>.text:CANBitRateSet</name>
         <load_address>0xb6c</load_address>
         <run_address>0xb6c</run_address>
         <size>0x6c</size>
         <input_file_ref idref="fl-c"/>
      </object_component>
      <object_component id="oc-197">
         <name>.text:IntEnable</name>
         <load_address>0xbd8</load_address>
         <run_address>0xbd8</run_address>
         <size>0x68</size>
         <input_file_ref idref="fl-e"/>
      </object_component>
      <object_component id="oc-15">
         <name>.text:decompress:lzss:__TI_decompress_lzss</name>
         <load_address>0xc40</load_address>
         <run_address>0xc40</run_address>
         <size>0x68</size>
         <input_file_ref idref="fl-cb"/>
      </object_component>
      <object_component id="oc-214">
         <name>.text:_CANIntNumberGet</name>
         <load_address>0xca8</load_address>
         <run_address>0xca8</run_address>
         <size>0x5c</size>
         <input_file_ref idref="fl-c"/>
      </object_component>
      <object_component id="oc-152">
         <name>.text:GPIOPinConfigure</name>
         <load_address>0xd04</load_address>
         <run_address>0xd04</run_address>
         <size>0x4c</size>
         <input_file_ref idref="fl-d"/>
      </object_component>
      <object_component id="oc-146">
         <name>.text:UARTConfigSetExpClk</name>
         <load_address>0xd50</load_address>
         <run_address>0xd50</run_address>
         <size>0x46</size>
         <input_file_ref idref="fl-10"/>
      </object_component>
      <object_component id="oc-fa">
         <name>.text:__TI_auto_init_nobinit_nopinit:__TI_auto_init_nobinit_nopinit</name>
         <load_address>0xd98</load_address>
         <run_address>0xd98</run_address>
         <size>0x44</size>
         <input_file_ref idref="fl-cf"/>
      </object_component>
      <object_component id="oc-16d">
         <name>.text:CANStatusGet</name>
         <load_address>0xddc</load_address>
         <run_address>0xddc</run_address>
         <size>0x40</size>
         <input_file_ref idref="fl-c"/>
      </object_component>
      <object_component id="oc-17f">
         <name>.text:CANInit</name>
         <load_address>0xe1c</load_address>
         <run_address>0xe1c</run_address>
         <size>0x3a</size>
         <input_file_ref idref="fl-c"/>
      </object_component>
      <object_component id="oc-13a">
         <name>.text:SysCtlPeripheralReady</name>
         <load_address>0xe58</load_address>
         <run_address>0xe58</run_address>
         <size>0x38</size>
         <input_file_ref idref="fl-f"/>
      </object_component>
      <object_component id="oc-21a">
         <name>.text:IntRegister</name>
         <load_address>0xe90</load_address>
         <run_address>0xe90</run_address>
         <size>0x34</size>
         <input_file_ref idref="fl-e"/>
      </object_component>
      <object_component id="oc-134">
         <name>.text:SysCtlPeripheralEnable</name>
         <load_address>0xec4</load_address>
         <run_address>0xec4</run_address>
         <size>0x34</size>
         <input_file_ref idref="fl-f"/>
      </object_component>
      <object_component id="oc-59">
         <name>.text:_c_int00_noargs:_c_int00_noargs</name>
         <load_address>0xef8</load_address>
         <run_address>0xef8</run_address>
         <size>0x34</size>
         <input_file_ref idref="fl-cc"/>
      </object_component>
      <object_component id="oc-1e9">
         <name>.text:GPIODirModeSet</name>
         <load_address>0xf2c</load_address>
         <run_address>0xf2c</run_address>
         <size>0x2c</size>
         <input_file_ref idref="fl-d"/>
      </object_component>
      <object_component id="oc-22d">
         <name>.text:_CANDataRegWrite</name>
         <load_address>0xf58</load_address>
         <run_address>0xf58</run_address>
         <size>0x24</size>
         <input_file_ref idref="fl-c"/>
      </object_component>
      <object_component id="oc-173">
         <name>.text:CANIntClear</name>
         <load_address>0xf7c</load_address>
         <run_address>0xf7c</run_address>
         <size>0x22</size>
         <input_file_ref idref="fl-c"/>
      </object_component>
      <object_component id="oc-167">
         <name>.text:CANIntStatus</name>
         <load_address>0xf9e</load_address>
         <run_address>0xf9e</run_address>
         <size>0x20</size>
         <input_file_ref idref="fl-c"/>
      </object_component>
      <object_component id="oc-1dc">
         <name>.text:UARTDisable</name>
         <load_address>0xfc0</load_address>
         <run_address>0xfc0</run_address>
         <size>0x20</size>
         <input_file_ref idref="fl-10"/>
      </object_component>
      <object_component id="oc-47">
         <name>.text:decompress:ZI:__TI_zero_init_nomemset:__TI_zero_init_nomemset</name>
         <load_address>0xfe0</load_address>
         <run_address>0xfe0</run_address>
         <size>0x1c</size>
         <input_file_ref idref="fl-c9"/>
      </object_component>
      <object_component id="oc-18b">
         <name>.text:CANIntRegister</name>
         <load_address>0xffc</load_address>
         <run_address>0xffc</run_address>
         <size>0x18</size>
         <input_file_ref idref="fl-c"/>
      </object_component>
      <object_component id="oc-179">
         <name>.text:GPIOPinTypeCAN</name>
         <load_address>0x1014</load_address>
         <run_address>0x1014</run_address>
         <size>0x16</size>
         <input_file_ref idref="fl-d"/>
      </object_component>
      <object_component id="oc-14c">
         <name>.text:GPIOPinTypeUART</name>
         <load_address>0x102a</load_address>
         <run_address>0x102a</run_address>
         <size>0x16</size>
         <input_file_ref idref="fl-d"/>
      </object_component>
      <object_component id="oc-1e2">
         <name>.text:UARTEnable</name>
         <load_address>0x1040</load_address>
         <run_address>0x1040</run_address>
         <size>0x14</size>
         <input_file_ref idref="fl-10"/>
      </object_component>
      <object_component id="oc-ce">
         <name>.text:UARTCharGetNonBlocking</name>
         <load_address>0x1054</load_address>
         <run_address>0x1054</run_address>
         <size>0xe</size>
         <input_file_ref idref="fl-10"/>
      </object_component>
      <object_component id="oc-158">
         <name>.text:UARTCharsAvail</name>
         <load_address>0x1062</load_address>
         <run_address>0x1062</run_address>
         <size>0xe</size>
         <input_file_ref idref="fl-10"/>
      </object_component>
      <object_component id="oc-1b">
         <name>.text:decompress:none:__TI_decompress_none</name>
         <load_address>0x1070</load_address>
         <run_address>0x1070</run_address>
         <size>0xe</size>
         <input_file_ref idref="fl-ca"/>
      </object_component>
      <object_component id="oc-27">
         <name>.text</name>
         <load_address>0x107e</load_address>
         <run_address>0x107e</run_address>
         <size>0xc</size>
         <input_file_ref idref="fl-3"/>
      </object_component>
      <object_component id="oc-19d">
         <name>.text:CANEnable</name>
         <load_address>0x108a</load_address>
         <run_address>0x108a</run_address>
         <size>0xa</size>
         <input_file_ref idref="fl-c"/>
      </object_component>
      <object_component id="oc-12e">
         <name>.text:UARTCharPut</name>
         <load_address>0x1094</load_address>
         <run_address>0x1094</run_address>
         <size>0xa</size>
         <input_file_ref idref="fl-10"/>
      </object_component>
      <object_component id="oc-191">
         <name>.text:CANIntEnable</name>
         <load_address>0x109e</load_address>
         <run_address>0x109e</run_address>
         <size>0x8</size>
         <input_file_ref idref="fl-c"/>
      </object_component>
      <object_component id="oc-95">
         <name>.text:_system_pre_init</name>
         <load_address>0x10a6</load_address>
         <run_address>0x10a6</run_address>
         <size>0x4</size>
         <input_file_ref idref="fl-d0"/>
      </object_component>
      <object_component id="oc-ee">
         <name>.text:abort:abort</name>
         <load_address>0x10aa</load_address>
         <run_address>0x10aa</run_address>
         <size>0x4</size>
         <input_file_ref idref="fl-d2"/>
      </object_component>
      <object_component id="oc-1f7">
         <name>.const:g_pui32GPIOBaseAddrs</name>
         <load_address>0x10b0</load_address>
         <run_address>0x10b0</run_address>
         <size>0x90</size>
         <input_file_ref idref="fl-d"/>
      </object_component>
      <object_component id="oc-1d8">
         <name>.const:g_pui32Xtals</name>
         <load_address>0x1140</load_address>
         <run_address>0x1140</run_address>
         <size>0x6c</size>
         <input_file_ref idref="fl-f"/>
      </object_component>
      <object_component id="oc-210">
         <name>.const:g_ui16CANBitValues</name>
         <load_address>0x11ac</load_address>
         <run_address>0x11ac</run_address>
         <size>0x20</size>
         <input_file_ref idref="fl-c"/>
      </object_component>
      <object_component id="oc-227">
         <name>.const:g_pui32EnRegs</name>
         <load_address>0x11cc</load_address>
         <run_address>0x11cc</run_address>
         <size>0x14</size>
         <input_file_ref idref="fl-e"/>
      </object_component>
      <object_component id="oc-da">
         <name>.const:.string:$P$T0$1</name>
         <load_address>0x11e0</load_address>
         <run_address>0x11e0</run_address>
         <size>0x4</size>
         <input_file_ref idref="fl-2"/>
      </object_component>
      <object_component id="oc-2b9">
         <name>.cinit..data.load</name>
         <load_address>0x11e8</load_address>
         <run_address>0x11e8</run_address>
         <size>0xe</size>
      </object_component>
      <object_component id="oc-2b6">
         <name>__TI_handler_table</name>
         <load_address>0x11f8</load_address>
         <run_address>0x11f8</run_address>
         <size>0xc</size>
      </object_component>
      <object_component id="oc-2b8">
         <name>.cinit..vtable.load</name>
         <load_address>0x1208</load_address>
         <run_address>0x1208</run_address>
         <size>0x8</size>
      </object_component>
      <object_component id="oc-2b7">
         <name>__TI_cinit_table</name>
         <load_address>0x1210</load_address>
         <run_address>0x1210</run_address>
         <size>0x10</size>
      </object_component>
      <object_component id="oc-273">
         <name>.vtable</name>
         <uninitialized>true</uninitialized>
         <run_address>0x20000000</run_address>
         <size>0x26c</size>
         <input_file_ref idref="fl-e"/>
      </object_component>
      <object_component id="oc-e0">
         <name>.data</name>
         <load_address>0x20002986</load_address>
         <run_address>0x20002986</run_address>
         <size>0x6</size>
         <input_file_ref idref="fl-2"/>
      </object_component>
      <object_component id="oc-dd">
         <name>.data:RecievedBufferPC</name>
         <load_address>0x2000026c</load_address>
         <run_address>0x2000026c</run_address>
         <size>0x2710</size>
         <input_file_ref idref="fl-2"/>
      </object_component>
      <object_component id="oc-1a9">
         <name>.data</name>
         <load_address>0x2000297c</load_address>
         <run_address>0x2000297c</run_address>
         <size>0x9</size>
         <input_file_ref idref="fl-5"/>
      </object_component>
      <object_component id="oc-24">
         <name>.stack</name>
         <uninitialized>true</uninitialized>
         <run_address>0x20002990</run_address>
         <size>0x4</size>
         <input_file_ref idref="fl-cc"/>
      </object_component>
      <object_component id="oc-2bb">
         <name>.stack</name>
         <uninitialized>true</uninitialized>
         <run_address>0x20002990</run_address>
         <size>0x0</size>
      </object_component>
      <object_component id="oc-b7">
         <name>.debug_info</name>
         <load_address>0x0</load_address>
         <run_address>0x0</run_address>
         <size>0x396</size>
         <input_file_ref idref="fl-2"/>
      </object_component>
      <object_component id="oc-e1">
         <name>.debug_info</name>
         <load_address>0x396</load_address>
         <run_address>0x396</run_address>
         <size>0x174</size>
         <input_file_ref idref="fl-2"/>
      </object_component>
      <object_component id="oc-de">
         <name>.debug_info</name>
         <load_address>0x50a</load_address>
         <run_address>0x50a</run_address>
         <size>0xf0</size>
         <input_file_ref idref="fl-2"/>
      </object_component>
      <object_component id="oc-db">
         <name>.debug_info</name>
         <load_address>0x5fa</load_address>
         <run_address>0x5fa</run_address>
         <size>0xdd</size>
         <input_file_ref idref="fl-2"/>
      </object_component>
      <object_component id="oc-9e">
         <name>.debug_info</name>
         <load_address>0x6d7</load_address>
         <run_address>0x6d7</run_address>
         <size>0x459</size>
         <input_file_ref idref="fl-2"/>
      </object_component>
      <object_component id="oc-e9">
         <name>.debug_info</name>
         <load_address>0xb30</load_address>
         <run_address>0xb30</run_address>
         <size>0x48</size>
         <input_file_ref idref="fl-2"/>
      </object_component>
      <object_component id="oc-e4">
         <name>.debug_info</name>
         <load_address>0xb78</load_address>
         <run_address>0xb78</run_address>
         <size>0x1b3</size>
         <input_file_ref idref="fl-2"/>
      </object_component>
      <object_component id="oc-70">
         <name>.debug_info</name>
         <load_address>0xd2b</load_address>
         <run_address>0xd2b</run_address>
         <size>0x26b</size>
         <input_file_ref idref="fl-2"/>
      </object_component>
      <object_component id="oc-b2">
         <name>.debug_info</name>
         <load_address>0xf96</load_address>
         <run_address>0xf96</run_address>
         <size>0x8b</size>
         <input_file_ref idref="fl-2"/>
      </object_component>
      <object_component id="oc-ad">
         <name>.debug_info</name>
         <load_address>0x1021</load_address>
         <run_address>0x1021</run_address>
         <size>0x2a4</size>
         <input_file_ref idref="fl-2"/>
      </object_component>
      <object_component id="oc-75">
         <name>.debug_info</name>
         <load_address>0x12c5</load_address>
         <run_address>0x12c5</run_address>
         <size>0xbb</size>
         <input_file_ref idref="fl-2"/>
      </object_component>
      <object_component id="oc-2f">
         <name>.debug_info</name>
         <load_address>0x1380</load_address>
         <run_address>0x1380</run_address>
         <size>0x2bd</size>
         <input_file_ref idref="fl-3"/>
      </object_component>
      <object_component id="oc-13">
         <name>.debug_info</name>
         <load_address>0x163d</load_address>
         <run_address>0x163d</run_address>
         <size>0xfc</size>
         <input_file_ref idref="fl-3"/>
      </object_component>
      <object_component id="oc-2b">
         <name>.debug_info</name>
         <load_address>0x1739</load_address>
         <run_address>0x1739</run_address>
         <size>0x278</size>
         <input_file_ref idref="fl-3"/>
      </object_component>
      <object_component id="oc-36">
         <name>.debug_info</name>
         <load_address>0x19b1</load_address>
         <run_address>0x19b1</run_address>
         <size>0x84</size>
         <input_file_ref idref="fl-3"/>
      </object_component>
      <object_component id="oc-1ad">
         <name>.debug_info</name>
         <load_address>0x1a35</load_address>
         <run_address>0x1a35</run_address>
         <size>0x543</size>
         <input_file_ref idref="fl-5"/>
      </object_component>
      <object_component id="oc-1aa">
         <name>.debug_info</name>
         <load_address>0x1f78</load_address>
         <run_address>0x1f78</run_address>
         <size>0x141</size>
         <input_file_ref idref="fl-5"/>
      </object_component>
      <object_component id="oc-d5">
         <name>.debug_info</name>
         <load_address>0x20b9</load_address>
         <run_address>0x20b9</run_address>
         <size>0x3dd</size>
         <input_file_ref idref="fl-5"/>
      </object_component>
      <object_component id="oc-15f">
         <name>.debug_info</name>
         <load_address>0x2496</load_address>
         <run_address>0x2496</run_address>
         <size>0x43e</size>
         <input_file_ref idref="fl-6"/>
      </object_component>
      <object_component id="oc-ca">
         <name>.debug_info</name>
         <load_address>0x28d4</load_address>
         <run_address>0x28d4</run_address>
         <size>0x39a</size>
         <input_file_ref idref="fl-6"/>
      </object_component>
      <object_component id="oc-20b">
         <name>.debug_info</name>
         <load_address>0x2c6e</load_address>
         <run_address>0x2c6e</run_address>
         <size>0x3d0</size>
         <input_file_ref idref="fl-c"/>
      </object_component>
      <object_component id="oc-211">
         <name>.debug_info</name>
         <load_address>0x303e</load_address>
         <run_address>0x303e</run_address>
         <size>0x15f</size>
         <input_file_ref idref="fl-c"/>
      </object_component>
      <object_component id="oc-171">
         <name>.debug_info</name>
         <load_address>0x319d</load_address>
         <run_address>0x319d</run_address>
         <size>0x28f</size>
         <input_file_ref idref="fl-c"/>
      </object_component>
      <object_component id="oc-231">
         <name>.debug_info</name>
         <load_address>0x342c</load_address>
         <run_address>0x342c</run_address>
         <size>0x2e6</size>
         <input_file_ref idref="fl-c"/>
      </object_component>
      <object_component id="oc-1a7">
         <name>.debug_info</name>
         <load_address>0x3712</load_address>
         <run_address>0x3712</run_address>
         <size>0x41c</size>
         <input_file_ref idref="fl-c"/>
      </object_component>
      <object_component id="oc-218">
         <name>.debug_info</name>
         <load_address>0x3b2e</load_address>
         <run_address>0x3b2e</run_address>
         <size>0x280</size>
         <input_file_ref idref="fl-c"/>
      </object_component>
      <object_component id="oc-16a">
         <name>.debug_info</name>
         <load_address>0x3dae</load_address>
         <run_address>0x3dae</run_address>
         <size>0x295</size>
         <input_file_ref idref="fl-c"/>
      </object_component>
      <object_component id="oc-18e">
         <name>.debug_info</name>
         <load_address>0x4043</load_address>
         <run_address>0x4043</run_address>
         <size>0x2d0</size>
         <input_file_ref idref="fl-c"/>
      </object_component>
      <object_component id="oc-194">
         <name>.debug_info</name>
         <load_address>0x4313</load_address>
         <run_address>0x4313</run_address>
         <size>0x293</size>
         <input_file_ref idref="fl-c"/>
      </object_component>
      <object_component id="oc-176">
         <name>.debug_info</name>
         <load_address>0x45a6</load_address>
         <run_address>0x45a6</run_address>
         <size>0x28f</size>
         <input_file_ref idref="fl-c"/>
      </object_component>
      <object_component id="oc-183">
         <name>.debug_info</name>
         <load_address>0x4835</load_address>
         <run_address>0x4835</run_address>
         <size>0x275</size>
         <input_file_ref idref="fl-c"/>
      </object_component>
      <object_component id="oc-1a0">
         <name>.debug_info</name>
         <load_address>0x4aaa</load_address>
         <run_address>0x4aaa</run_address>
         <size>0x24b</size>
         <input_file_ref idref="fl-c"/>
      </object_component>
      <object_component id="oc-188">
         <name>.debug_info</name>
         <load_address>0x4cf5</load_address>
         <run_address>0x4cf5</run_address>
         <size>0x369</size>
         <input_file_ref idref="fl-c"/>
      </object_component>
      <object_component id="oc-26b">
         <name>.debug_info</name>
         <load_address>0x505e</load_address>
         <run_address>0x505e</run_address>
         <size>0x1b3</size>
         <input_file_ref idref="fl-c"/>
      </object_component>
      <object_component id="oc-205">
         <name>.debug_info</name>
         <load_address>0x5211</load_address>
         <run_address>0x5211</run_address>
         <size>0x26b</size>
         <input_file_ref idref="fl-c"/>
      </object_component>
      <object_component id="oc-1fe">
         <name>.debug_info</name>
         <load_address>0x547c</load_address>
         <run_address>0x547c</run_address>
         <size>0x297</size>
         <input_file_ref idref="fl-c"/>
      </object_component>
      <object_component id="oc-221">
         <name>.debug_info</name>
         <load_address>0x5713</load_address>
         <run_address>0x5713</run_address>
         <size>0xef</size>
         <input_file_ref idref="fl-c"/>
      </object_component>
      <object_component id="oc-161">
         <name>.debug_info</name>
         <load_address>0x5802</load_address>
         <run_address>0x5802</run_address>
         <size>0xbb</size>
         <input_file_ref idref="fl-c"/>
      </object_component>
      <object_component id="oc-1f6">
         <name>.debug_info</name>
         <load_address>0x58bd</load_address>
         <run_address>0x58bd</run_address>
         <size>0x3e4</size>
         <input_file_ref idref="fl-d"/>
      </object_component>
      <object_component id="oc-1f8">
         <name>.debug_info</name>
         <load_address>0x5ca1</load_address>
         <run_address>0x5ca1</run_address>
         <size>0x164</size>
         <input_file_ref idref="fl-d"/>
      </object_component>
      <object_component id="oc-1ea">
         <name>.debug_info</name>
         <load_address>0x5e05</load_address>
         <run_address>0x5e05</run_address>
         <size>0x2bc</size>
         <input_file_ref idref="fl-d"/>
      </object_component>
      <object_component id="oc-1f0">
         <name>.debug_info</name>
         <load_address>0x60c1</load_address>
         <run_address>0x60c1</run_address>
         <size>0x31f</size>
         <input_file_ref idref="fl-d"/>
      </object_component>
      <object_component id="oc-14d">
         <name>.debug_info</name>
         <load_address>0x63e0</load_address>
         <run_address>0x63e0</run_address>
         <size>0x29b</size>
         <input_file_ref idref="fl-d"/>
      </object_component>
      <object_component id="oc-17a">
         <name>.debug_info</name>
         <load_address>0x667b</load_address>
         <run_address>0x667b</run_address>
         <size>0x299</size>
         <input_file_ref idref="fl-d"/>
      </object_component>
      <object_component id="oc-153">
         <name>.debug_info</name>
         <load_address>0x6914</load_address>
         <run_address>0x6914</run_address>
         <size>0x289</size>
         <input_file_ref idref="fl-d"/>
      </object_component>
      <object_component id="oc-22b">
         <name>.debug_info</name>
         <load_address>0x6b9d</load_address>
         <run_address>0x6b9d</run_address>
         <size>0x3b7</size>
         <input_file_ref idref="fl-e"/>
      </object_component>
      <object_component id="oc-228">
         <name>.debug_info</name>
         <load_address>0x6f54</load_address>
         <run_address>0x6f54</run_address>
         <size>0x15b</size>
         <input_file_ref idref="fl-e"/>
      </object_component>
      <object_component id="oc-274">
         <name>.debug_info</name>
         <load_address>0x70af</load_address>
         <run_address>0x70af</run_address>
         <size>0x160</size>
         <input_file_ref idref="fl-e"/>
      </object_component>
      <object_component id="oc-21b">
         <name>.debug_info</name>
         <load_address>0x720f</load_address>
         <run_address>0x720f</run_address>
         <size>0x2ca</size>
         <input_file_ref idref="fl-e"/>
      </object_component>
      <object_component id="oc-19a">
         <name>.debug_info</name>
         <load_address>0x74d9</load_address>
         <run_address>0x74d9</run_address>
         <size>0x271</size>
         <input_file_ref idref="fl-e"/>
      </object_component>
      <object_component id="oc-1d6">
         <name>.debug_info</name>
         <load_address>0x774a</load_address>
         <run_address>0x774a</run_address>
         <size>0x441</size>
         <input_file_ref idref="fl-f"/>
      </object_component>
      <object_component id="oc-1d9">
         <name>.debug_info</name>
         <load_address>0x7b8b</load_address>
         <run_address>0x7b8b</run_address>
         <size>0x156</size>
         <input_file_ref idref="fl-f"/>
      </object_component>
      <object_component id="oc-13b">
         <name>.debug_info</name>
         <load_address>0x7ce1</load_address>
         <run_address>0x7ce1</run_address>
         <size>0x288</size>
         <input_file_ref idref="fl-f"/>
      </object_component>
      <object_component id="oc-135">
         <name>.debug_info</name>
         <load_address>0x7f69</load_address>
         <run_address>0x7f69</run_address>
         <size>0x286</size>
         <input_file_ref idref="fl-f"/>
      </object_component>
      <object_component id="oc-142">
         <name>.debug_info</name>
         <load_address>0x81ef</load_address>
         <run_address>0x81ef</run_address>
         <size>0x2be</size>
         <input_file_ref idref="fl-f"/>
      </object_component>
      <object_component id="oc-25b">
         <name>.debug_info</name>
         <load_address>0x84ad</load_address>
         <run_address>0x84ad</run_address>
         <size>0x51</size>
         <input_file_ref idref="fl-f"/>
      </object_component>
      <object_component id="oc-166">
         <name>.debug_info</name>
         <load_address>0x84fe</load_address>
         <run_address>0x84fe</run_address>
         <size>0x3cb</size>
         <input_file_ref idref="fl-10"/>
      </object_component>
      <object_component id="oc-1e4">
         <name>.debug_info</name>
         <load_address>0x88c9</load_address>
         <run_address>0x88c9</run_address>
         <size>0x250</size>
         <input_file_ref idref="fl-10"/>
      </object_component>
      <object_component id="oc-1de">
         <name>.debug_info</name>
         <load_address>0x8b19</load_address>
         <run_address>0x8b19</run_address>
         <size>0x252</size>
         <input_file_ref idref="fl-10"/>
      </object_component>
      <object_component id="oc-148">
         <name>.debug_info</name>
         <load_address>0x8d6b</load_address>
         <run_address>0x8d6b</run_address>
         <size>0x32f</size>
         <input_file_ref idref="fl-10"/>
      </object_component>
      <object_component id="oc-15b">
         <name>.debug_info</name>
         <load_address>0x909a</load_address>
         <run_address>0x909a</run_address>
         <size>0x25c</size>
         <input_file_ref idref="fl-10"/>
      </object_component>
      <object_component id="oc-131">
         <name>.debug_info</name>
         <load_address>0x92f6</load_address>
         <run_address>0x92f6</run_address>
         <size>0x27c</size>
         <input_file_ref idref="fl-10"/>
      </object_component>
      <object_component id="oc-d1">
         <name>.debug_info</name>
         <load_address>0x9572</load_address>
         <run_address>0x9572</run_address>
         <size>0x26c</size>
         <input_file_ref idref="fl-10"/>
      </object_component>
      <object_component id="oc-92">
         <name>.debug_info</name>
         <load_address>0x97de</load_address>
         <run_address>0x97de</run_address>
         <size>0x147</size>
         <input_file_ref idref="fl-c7"/>
      </object_component>
      <object_component id="oc-8e">
         <name>.debug_info</name>
         <load_address>0x9925</load_address>
         <run_address>0x9925</run_address>
         <size>0x2d4</size>
         <input_file_ref idref="fl-c9"/>
      </object_component>
      <object_component id="oc-48">
         <name>.debug_info</name>
         <load_address>0x9bf9</load_address>
         <run_address>0x9bf9</run_address>
         <size>0x1d2</size>
         <input_file_ref idref="fl-c9"/>
      </object_component>
      <object_component id="oc-89">
         <name>.debug_info</name>
         <load_address>0x9dcb</load_address>
         <run_address>0x9dcb</run_address>
         <size>0x46</size>
         <input_file_ref idref="fl-c9"/>
      </object_component>
      <object_component id="oc-bf">
         <name>.debug_info</name>
         <load_address>0x9e11</load_address>
         <run_address>0x9e11</run_address>
         <size>0x2c</size>
         <input_file_ref idref="fl-c9"/>
      </object_component>
      <object_component id="oc-46">
         <name>.debug_info</name>
         <load_address>0x9e3d</load_address>
         <run_address>0x9e3d</run_address>
         <size>0x2a8</size>
         <input_file_ref idref="fl-ca"/>
      </object_component>
      <object_component id="oc-1e">
         <name>.debug_info</name>
         <load_address>0xa0e5</load_address>
         <run_address>0xa0e5</run_address>
         <size>0x1ea</size>
         <input_file_ref idref="fl-ca"/>
      </object_component>
      <object_component id="oc-41">
         <name>.debug_info</name>
         <load_address>0xa2cf</load_address>
         <run_address>0xa2cf</run_address>
         <size>0x46</size>
         <input_file_ref idref="fl-ca"/>
      </object_component>
      <object_component id="oc-81">
         <name>.debug_info</name>
         <load_address>0xa315</load_address>
         <run_address>0xa315</run_address>
         <size>0x2c</size>
         <input_file_ref idref="fl-ca"/>
      </object_component>
      <object_component id="oc-7f">
         <name>.debug_info</name>
         <load_address>0xa341</load_address>
         <run_address>0xa341</run_address>
         <size>0x29e</size>
         <input_file_ref idref="fl-cb"/>
      </object_component>
      <object_component id="oc-16">
         <name>.debug_info</name>
         <load_address>0xa5df</load_address>
         <run_address>0xa5df</run_address>
         <size>0x250</size>
         <input_file_ref idref="fl-cb"/>
      </object_component>
      <object_component id="oc-31">
         <name>.debug_info</name>
         <load_address>0xa82f</load_address>
         <run_address>0xa82f</run_address>
         <size>0x60</size>
         <input_file_ref idref="fl-cb"/>
      </object_component>
      <object_component id="oc-b8">
         <name>.debug_info</name>
         <load_address>0xa88f</load_address>
         <run_address>0xa88f</run_address>
         <size>0x46</size>
         <input_file_ref idref="fl-cb"/>
      </object_component>
      <object_component id="oc-7a">
         <name>.debug_info</name>
         <load_address>0xa8d5</load_address>
         <run_address>0xa8d5</run_address>
         <size>0x39</size>
         <input_file_ref idref="fl-cb"/>
      </object_component>
      <object_component id="oc-25">
         <name>.debug_info</name>
         <load_address>0xa90e</load_address>
         <run_address>0xa90e</run_address>
         <size>0x10b</size>
         <input_file_ref idref="fl-cc"/>
      </object_component>
      <object_component id="oc-5b">
         <name>.debug_info</name>
         <load_address>0xaa19</load_address>
         <run_address>0xaa19</run_address>
         <size>0x1a9</size>
         <input_file_ref idref="fl-cc"/>
      </object_component>
      <object_component id="oc-3e">
         <name>.debug_info</name>
         <load_address>0xabc2</load_address>
         <run_address>0xabc2</run_address>
         <size>0x119</size>
         <input_file_ref idref="fl-ce"/>
      </object_component>
      <object_component id="oc-1bf">
         <name>.debug_info</name>
         <load_address>0xacdb</load_address>
         <run_address>0xacdb</run_address>
         <size>0x4b3</size>
         <input_file_ref idref="fl-cf"/>
      </object_component>
      <object_component id="oc-fc">
         <name>.debug_info</name>
         <load_address>0xb18e</load_address>
         <run_address>0xb18e</run_address>
         <size>0x1a6</size>
         <input_file_ref idref="fl-cf"/>
      </object_component>
      <object_component id="oc-248">
         <name>.debug_info</name>
         <load_address>0xb334</load_address>
         <run_address>0xb334</run_address>
         <size>0x39</size>
         <input_file_ref idref="fl-cf"/>
      </object_component>
      <object_component id="oc-27f">
         <name>.debug_info</name>
         <load_address>0xb36d</load_address>
         <run_address>0xb36d</run_address>
         <size>0x39</size>
         <input_file_ref idref="fl-cf"/>
      </object_component>
      <object_component id="oc-24d">
         <name>.debug_info</name>
         <load_address>0xb3a6</load_address>
         <run_address>0xb3a6</run_address>
         <size>0x39</size>
         <input_file_ref idref="fl-cf"/>
      </object_component>
      <object_component id="oc-252">
         <name>.debug_info</name>
         <load_address>0xb3df</load_address>
         <run_address>0xb3df</run_address>
         <size>0xcd</size>
         <input_file_ref idref="fl-cf"/>
      </object_component>
      <object_component id="oc-98">
         <name>.debug_info</name>
         <load_address>0xb4ac</load_address>
         <run_address>0xb4ac</run_address>
         <size>0x153</size>
         <input_file_ref idref="fl-d0"/>
      </object_component>
      <object_component id="oc-ef">
         <name>.debug_info</name>
         <load_address>0xb5ff</load_address>
         <run_address>0xb5ff</run_address>
         <size>0x122</size>
         <input_file_ref idref="fl-d2"/>
      </object_component>
      <object_component id="oc-2bc">
         <name>.debug_info</name>
         <load_address>0xb721</load_address>
         <run_address>0xb721</run_address>
         <size>0xaf</size>
      </object_component>
      <object_component id="oc-12d">
         <name>.debug_line</name>
         <load_address>0x0</load_address>
         <run_address>0x0</run_address>
         <size>0x94</size>
         <input_file_ref idref="fl-2"/>
      </object_component>
      <object_component id="oc-1b3">
         <name>.debug_line</name>
         <load_address>0x94</load_address>
         <run_address>0x94</run_address>
         <size>0x2d</size>
         <input_file_ref idref="fl-2"/>
      </object_component>
      <object_component id="oc-1b1">
         <name>.debug_line</name>
         <load_address>0xc1</load_address>
         <run_address>0xc1</run_address>
         <size>0x2d</size>
         <input_file_ref idref="fl-2"/>
      </object_component>
      <object_component id="oc-1af">
         <name>.debug_line</name>
         <load_address>0xee</load_address>
         <run_address>0xee</run_address>
         <size>0x2d</size>
         <input_file_ref idref="fl-2"/>
      </object_component>
      <object_component id="oc-9d">
         <name>.debug_line</name>
         <load_address>0x11b</load_address>
         <run_address>0x11b</run_address>
         <size>0x12e</size>
         <input_file_ref idref="fl-2"/>
      </object_component>
      <object_component id="oc-ec">
         <name>.debug_line</name>
         <load_address>0x249</load_address>
         <run_address>0x249</run_address>
         <size>0x3a</size>
         <input_file_ref idref="fl-2"/>
      </object_component>
      <object_component id="oc-e7">
         <name>.debug_line</name>
         <load_address>0x283</load_address>
         <run_address>0x283</run_address>
         <size>0x55</size>
         <input_file_ref idref="fl-2"/>
      </object_component>
      <object_component id="oc-73">
         <name>.debug_line</name>
         <load_address>0x2d8</load_address>
         <run_address>0x2d8</run_address>
         <size>0x6f</size>
         <input_file_ref idref="fl-2"/>
      </object_component>
      <object_component id="oc-b5">
         <name>.debug_line</name>
         <load_address>0x347</load_address>
         <run_address>0x347</run_address>
         <size>0x20</size>
         <input_file_ref idref="fl-2"/>
      </object_component>
      <object_component id="oc-b0">
         <name>.debug_line</name>
         <load_address>0x367</load_address>
         <run_address>0x367</run_address>
         <size>0x73</size>
         <input_file_ref idref="fl-2"/>
      </object_component>
      <object_component id="oc-78">
         <name>.debug_line</name>
         <load_address>0x3da</load_address>
         <run_address>0x3da</run_address>
         <size>0x70</size>
         <input_file_ref idref="fl-2"/>
      </object_component>
      <object_component id="oc-6f">
         <name>.debug_line</name>
         <load_address>0x44a</load_address>
         <run_address>0x44a</run_address>
         <size>0x41</size>
         <input_file_ref idref="fl-3"/>
      </object_component>
      <object_component id="oc-2e">
         <name>.debug_line</name>
         <load_address>0x48b</load_address>
         <run_address>0x48b</run_address>
         <size>0x41</size>
         <input_file_ref idref="fl-3"/>
      </object_component>
      <object_component id="oc-29">
         <name>.debug_line</name>
         <load_address>0x4cc</load_address>
         <run_address>0x4cc</run_address>
         <size>0xa1</size>
         <input_file_ref idref="fl-3"/>
      </object_component>
      <object_component id="oc-39">
         <name>.debug_line</name>
         <load_address>0x56d</load_address>
         <run_address>0x56d</run_address>
         <size>0x20</size>
         <input_file_ref idref="fl-3"/>
      </object_component>
      <object_component id="oc-237">
         <name>.debug_line</name>
         <load_address>0x58d</load_address>
         <run_address>0x58d</run_address>
         <size>0xfe</size>
         <input_file_ref idref="fl-5"/>
      </object_component>
      <object_component id="oc-235">
         <name>.debug_line</name>
         <load_address>0x68b</load_address>
         <run_address>0x68b</run_address>
         <size>0x3a</size>
         <input_file_ref idref="fl-5"/>
      </object_component>
      <object_component id="oc-d8">
         <name>.debug_line</name>
         <load_address>0x6c5</load_address>
         <run_address>0x6c5</run_address>
         <size>0xb3</size>
         <input_file_ref idref="fl-5"/>
      </object_component>
      <object_component id="oc-1fd">
         <name>.debug_line</name>
         <load_address>0x778</load_address>
         <run_address>0x778</run_address>
         <size>0xc4</size>
         <input_file_ref idref="fl-6"/>
      </object_component>
      <object_component id="oc-cc">
         <name>.debug_line</name>
         <load_address>0x83c</load_address>
         <run_address>0x83c</run_address>
         <size>0xa8</size>
         <input_file_ref idref="fl-6"/>
      </object_component>
      <object_component id="oc-26a">
         <name>.debug_line</name>
         <load_address>0x8e4</load_address>
         <run_address>0x8e4</run_address>
         <size>0x82</size>
         <input_file_ref idref="fl-c"/>
      </object_component>
      <object_component id="oc-271">
         <name>.debug_line</name>
         <load_address>0x966</load_address>
         <run_address>0x966</run_address>
         <size>0x7c</size>
         <input_file_ref idref="fl-c"/>
      </object_component>
      <object_component id="oc-170">
         <name>.debug_line</name>
         <load_address>0x9e2</load_address>
         <run_address>0x9e2</run_address>
         <size>0xb2</size>
         <input_file_ref idref="fl-c"/>
      </object_component>
      <object_component id="oc-230">
         <name>.debug_line</name>
         <load_address>0xa94</load_address>
         <run_address>0xa94</run_address>
         <size>0xa2</size>
         <input_file_ref idref="fl-c"/>
      </object_component>
      <object_component id="oc-1a6">
         <name>.debug_line</name>
         <load_address>0xb36</load_address>
         <run_address>0xb36</run_address>
         <size>0x131</size>
         <input_file_ref idref="fl-c"/>
      </object_component>
      <object_component id="oc-217">
         <name>.debug_line</name>
         <load_address>0xc67</load_address>
         <run_address>0xc67</run_address>
         <size>0xb2</size>
         <input_file_ref idref="fl-c"/>
      </object_component>
      <object_component id="oc-16c">
         <name>.debug_line</name>
         <load_address>0xd19</load_address>
         <run_address>0xd19</run_address>
         <size>0x9e</size>
         <input_file_ref idref="fl-c"/>
      </object_component>
      <object_component id="oc-190">
         <name>.debug_line</name>
         <load_address>0xdb7</load_address>
         <run_address>0xdb7</run_address>
         <size>0x98</size>
         <input_file_ref idref="fl-c"/>
      </object_component>
      <object_component id="oc-196">
         <name>.debug_line</name>
         <load_address>0xe4f</load_address>
         <run_address>0xe4f</run_address>
         <size>0x91</size>
         <input_file_ref idref="fl-c"/>
      </object_component>
      <object_component id="oc-178">
         <name>.debug_line</name>
         <load_address>0xee0</load_address>
         <run_address>0xee0</run_address>
         <size>0x98</size>
         <input_file_ref idref="fl-c"/>
      </object_component>
      <object_component id="oc-182">
         <name>.debug_line</name>
         <load_address>0xf78</load_address>
         <run_address>0xf78</run_address>
         <size>0xa9</size>
         <input_file_ref idref="fl-c"/>
      </object_component>
      <object_component id="oc-1a2">
         <name>.debug_line</name>
         <load_address>0x1021</load_address>
         <run_address>0x1021</run_address>
         <size>0x91</size>
         <input_file_ref idref="fl-c"/>
      </object_component>
      <object_component id="oc-18a">
         <name>.debug_line</name>
         <load_address>0x10b2</load_address>
         <run_address>0x10b2</run_address>
         <size>0xd0</size>
         <input_file_ref idref="fl-c"/>
      </object_component>
      <object_component id="oc-26e">
         <name>.debug_line</name>
         <load_address>0x1182</load_address>
         <run_address>0x1182</run_address>
         <size>0x7c</size>
         <input_file_ref idref="fl-c"/>
      </object_component>
      <object_component id="oc-208">
         <name>.debug_line</name>
         <load_address>0x11fe</load_address>
         <run_address>0x11fe</run_address>
         <size>0x71</size>
         <input_file_ref idref="fl-c"/>
      </object_component>
      <object_component id="oc-201">
         <name>.debug_line</name>
         <load_address>0x126f</load_address>
         <run_address>0x126f</run_address>
         <size>0x75</size>
         <input_file_ref idref="fl-c"/>
      </object_component>
      <object_component id="oc-224">
         <name>.debug_line</name>
         <load_address>0x12e4</load_address>
         <run_address>0x12e4</run_address>
         <size>0x71</size>
         <input_file_ref idref="fl-c"/>
      </object_component>
      <object_component id="oc-164">
         <name>.debug_line</name>
         <load_address>0x1355</load_address>
         <run_address>0x1355</run_address>
         <size>0x72</size>
         <input_file_ref idref="fl-c"/>
      </object_component>
      <object_component id="oc-266">
         <name>.debug_line</name>
         <load_address>0x13c7</load_address>
         <run_address>0x13c7</run_address>
         <size>0x82</size>
         <input_file_ref idref="fl-d"/>
      </object_component>
      <object_component id="oc-268">
         <name>.debug_line</name>
         <load_address>0x1449</load_address>
         <run_address>0x1449</run_address>
         <size>0x7d</size>
         <input_file_ref idref="fl-d"/>
      </object_component>
      <object_component id="oc-1ed">
         <name>.debug_line</name>
         <load_address>0x14c6</load_address>
         <run_address>0x14c6</run_address>
         <size>0x95</size>
         <input_file_ref idref="fl-d"/>
      </object_component>
      <object_component id="oc-1f3">
         <name>.debug_line</name>
         <load_address>0x155b</load_address>
         <run_address>0x155b</run_address>
         <size>0xc4</size>
         <input_file_ref idref="fl-d"/>
      </object_component>
      <object_component id="oc-150">
         <name>.debug_line</name>
         <load_address>0x161f</load_address>
         <run_address>0x161f</run_address>
         <size>0x99</size>
         <input_file_ref idref="fl-d"/>
      </object_component>
      <object_component id="oc-17d">
         <name>.debug_line</name>
         <load_address>0x16b8</load_address>
         <run_address>0x16b8</run_address>
         <size>0x99</size>
         <input_file_ref idref="fl-d"/>
      </object_component>
      <object_component id="oc-156">
         <name>.debug_line</name>
         <load_address>0x1751</load_address>
         <run_address>0x1751</run_address>
         <size>0xa7</size>
         <input_file_ref idref="fl-d"/>
      </object_component>
      <object_component id="oc-27a">
         <name>.debug_line</name>
         <load_address>0x17f8</load_address>
         <run_address>0x17f8</run_address>
         <size>0x7c</size>
         <input_file_ref idref="fl-e"/>
      </object_component>
      <object_component id="oc-278">
         <name>.debug_line</name>
         <load_address>0x1874</load_address>
         <run_address>0x1874</run_address>
         <size>0x82</size>
         <input_file_ref idref="fl-e"/>
      </object_component>
      <object_component id="oc-28c">
         <name>.debug_line</name>
         <load_address>0x18f6</load_address>
         <run_address>0x18f6</run_address>
         <size>0x82</size>
         <input_file_ref idref="fl-e"/>
      </object_component>
      <object_component id="oc-21e">
         <name>.debug_line</name>
         <load_address>0x1978</load_address>
         <run_address>0x1978</run_address>
         <size>0xaf</size>
         <input_file_ref idref="fl-e"/>
      </object_component>
      <object_component id="oc-199">
         <name>.debug_line</name>
         <load_address>0x1a27</load_address>
         <run_address>0x1a27</run_address>
         <size>0xc2</size>
         <input_file_ref idref="fl-e"/>
      </object_component>
      <object_component id="oc-25a">
         <name>.debug_line</name>
         <load_address>0x1ae9</load_address>
         <run_address>0x1ae9</run_address>
         <size>0x13d</size>
         <input_file_ref idref="fl-f"/>
      </object_component>
      <object_component id="oc-260">
         <name>.debug_line</name>
         <load_address>0x1c26</load_address>
         <run_address>0x1c26</run_address>
         <size>0x7f</size>
         <input_file_ref idref="fl-f"/>
      </object_component>
      <object_component id="oc-13e">
         <name>.debug_line</name>
         <load_address>0x1ca5</load_address>
         <run_address>0x1ca5</run_address>
         <size>0x94</size>
         <input_file_ref idref="fl-f"/>
      </object_component>
      <object_component id="oc-138">
         <name>.debug_line</name>
         <load_address>0x1d39</load_address>
         <run_address>0x1d39</run_address>
         <size>0x94</size>
         <input_file_ref idref="fl-f"/>
      </object_component>
      <object_component id="oc-145">
         <name>.debug_line</name>
         <load_address>0x1dcd</load_address>
         <run_address>0x1dcd</run_address>
         <size>0x118</size>
         <input_file_ref idref="fl-f"/>
      </object_component>
      <object_component id="oc-25d">
         <name>.debug_line</name>
         <load_address>0x1ee5</load_address>
         <run_address>0x1ee5</run_address>
         <size>0x7f</size>
         <input_file_ref idref="fl-f"/>
      </object_component>
      <object_component id="oc-204">
         <name>.debug_line</name>
         <load_address>0x1f64</load_address>
         <run_address>0x1f64</run_address>
         <size>0x82</size>
         <input_file_ref idref="fl-10"/>
      </object_component>
      <object_component id="oc-1e6">
         <name>.debug_line</name>
         <load_address>0x1fe6</load_address>
         <run_address>0x1fe6</run_address>
         <size>0x93</size>
         <input_file_ref idref="fl-10"/>
      </object_component>
      <object_component id="oc-1e0">
         <name>.debug_line</name>
         <load_address>0x2079</load_address>
         <run_address>0x2079</run_address>
         <size>0x96</size>
         <input_file_ref idref="fl-10"/>
      </object_component>
      <object_component id="oc-14a">
         <name>.debug_line</name>
         <load_address>0x210f</load_address>
         <run_address>0x210f</run_address>
         <size>0xb3</size>
         <input_file_ref idref="fl-10"/>
      </object_component>
      <object_component id="oc-15d">
         <name>.debug_line</name>
         <load_address>0x21c2</load_address>
         <run_address>0x21c2</run_address>
         <size>0x92</size>
         <input_file_ref idref="fl-10"/>
      </object_component>
      <object_component id="oc-133">
         <name>.debug_line</name>
         <load_address>0x2254</load_address>
         <run_address>0x2254</run_address>
         <size>0x93</size>
         <input_file_ref idref="fl-10"/>
      </object_component>
      <object_component id="oc-d3">
         <name>.debug_line</name>
         <load_address>0x22e7</load_address>
         <run_address>0x22e7</run_address>
         <size>0x92</size>
         <input_file_ref idref="fl-10"/>
      </object_component>
      <object_component id="oc-90">
         <name>.debug_line</name>
         <load_address>0x2379</load_address>
         <run_address>0x2379</run_address>
         <size>0x79</size>
         <input_file_ref idref="fl-c7"/>
      </object_component>
      <object_component id="oc-c5">
         <name>.debug_line</name>
         <load_address>0x23f2</load_address>
         <run_address>0x23f2</run_address>
         <size>0x92</size>
         <input_file_ref idref="fl-c9"/>
      </object_component>
      <object_component id="oc-4c">
         <name>.debug_line</name>
         <load_address>0x2484</load_address>
         <run_address>0x2484</run_address>
         <size>0x4c</size>
         <input_file_ref idref="fl-c9"/>
      </object_component>
      <object_component id="oc-8c">
         <name>.debug_line</name>
         <load_address>0x24d0</load_address>
         <run_address>0x24d0</run_address>
         <size>0x34</size>
         <input_file_ref idref="fl-c9"/>
      </object_component>
      <object_component id="oc-c2">
         <name>.debug_line</name>
         <load_address>0x2504</load_address>
         <run_address>0x2504</run_address>
         <size>0x92</size>
         <input_file_ref idref="fl-c9"/>
      </object_component>
      <object_component id="oc-87">
         <name>.debug_line</name>
         <load_address>0x2596</load_address>
         <run_address>0x2596</run_address>
         <size>0x20</size>
         <input_file_ref idref="fl-ca"/>
      </object_component>
      <object_component id="oc-1d">
         <name>.debug_line</name>
         <load_address>0x25b6</load_address>
         <run_address>0x25b6</run_address>
         <size>0x55</size>
         <input_file_ref idref="fl-ca"/>
      </object_component>
      <object_component id="oc-44">
         <name>.debug_line</name>
         <load_address>0x260b</load_address>
         <run_address>0x260b</run_address>
         <size>0x3a</size>
         <input_file_ref idref="fl-ca"/>
      </object_component>
      <object_component id="oc-84">
         <name>.debug_line</name>
         <load_address>0x2645</load_address>
         <run_address>0x2645</run_address>
         <size>0x92</size>
         <input_file_ref idref="fl-ca"/>
      </object_component>
      <object_component id="oc-be">
         <name>.debug_line</name>
         <load_address>0x26d7</load_address>
         <run_address>0x26d7</run_address>
         <size>0x20</size>
         <input_file_ref idref="fl-cb"/>
      </object_component>
      <object_component id="oc-19">
         <name>.debug_line</name>
         <load_address>0x26f7</load_address>
         <run_address>0x26f7</run_address>
         <size>0xa9</size>
         <input_file_ref idref="fl-cb"/>
      </object_component>
      <object_component id="oc-34">
         <name>.debug_line</name>
         <load_address>0x27a0</load_address>
         <run_address>0x27a0</run_address>
         <size>0x3a</size>
         <input_file_ref idref="fl-cb"/>
      </object_component>
      <object_component id="oc-bb">
         <name>.debug_line</name>
         <load_address>0x27da</load_address>
         <run_address>0x27da</run_address>
         <size>0x9a</size>
         <input_file_ref idref="fl-cb"/>
      </object_component>
      <object_component id="oc-7d">
         <name>.debug_line</name>
         <load_address>0x2874</load_address>
         <run_address>0x2874</run_address>
         <size>0x96</size>
         <input_file_ref idref="fl-cb"/>
      </object_component>
      <object_component id="oc-6c">
         <name>.debug_line</name>
         <load_address>0x290a</load_address>
         <run_address>0x290a</run_address>
         <size>0x33</size>
         <input_file_ref idref="fl-cc"/>
      </object_component>
      <object_component id="oc-5a">
         <name>.debug_line</name>
         <load_address>0x293d</load_address>
         <run_address>0x293d</run_address>
         <size>0x45</size>
         <input_file_ref idref="fl-cc"/>
      </object_component>
      <object_component id="oc-3c">
         <name>.debug_line</name>
         <load_address>0x2982</load_address>
         <run_address>0x2982</run_address>
         <size>0x88</size>
         <input_file_ref idref="fl-ce"/>
      </object_component>
      <object_component id="oc-247">
         <name>.debug_line</name>
         <load_address>0x2a0a</load_address>
         <run_address>0x2a0a</run_address>
         <size>0xbf</size>
         <input_file_ref idref="fl-cf"/>
      </object_component>
      <object_component id="oc-fb">
         <name>.debug_line</name>
         <load_address>0x2ac9</load_address>
         <run_address>0x2ac9</run_address>
         <size>0x6f</size>
         <input_file_ref idref="fl-cf"/>
      </object_component>
      <object_component id="oc-24b">
         <name>.debug_line</name>
         <load_address>0x2b38</load_address>
         <run_address>0x2b38</run_address>
         <size>0x2e</size>
         <input_file_ref idref="fl-cf"/>
      </object_component>
      <object_component id="oc-282">
         <name>.debug_line</name>
         <load_address>0x2b66</load_address>
         <run_address>0x2b66</run_address>
         <size>0x9a</size>
         <input_file_ref idref="fl-cf"/>
      </object_component>
      <object_component id="oc-250">
         <name>.debug_line</name>
         <load_address>0x2c00</load_address>
         <run_address>0x2c00</run_address>
         <size>0x97</size>
         <input_file_ref idref="fl-cf"/>
      </object_component>
      <object_component id="oc-255">
         <name>.debug_line</name>
         <load_address>0x2c97</load_address>
         <run_address>0x2c97</run_address>
         <size>0x93</size>
         <input_file_ref idref="fl-cf"/>
      </object_component>
      <object_component id="oc-9a">
         <name>.debug_line</name>
         <load_address>0x2d2a</load_address>
         <run_address>0x2d2a</run_address>
         <size>0x40</size>
         <input_file_ref idref="fl-d0"/>
      </object_component>
      <object_component id="oc-f2">
         <name>.debug_line</name>
         <load_address>0x2d6a</load_address>
         <run_address>0x2d6a</run_address>
         <size>0x3c</size>
         <input_file_ref idref="fl-d2"/>
      </object_component>
      <object_component id="oc-9c">
         <name>.debug_frame</name>
         <load_address>0x0</load_address>
         <run_address>0x0</run_address>
         <size>0x80</size>
         <input_file_ref idref="fl-2"/>
      </object_component>
      <object_component id="oc-2a">
         <name>.debug_frame</name>
         <load_address>0x80</load_address>
         <run_address>0x80</run_address>
         <size>0x90</size>
         <input_file_ref idref="fl-3"/>
      </object_component>
      <object_component id="oc-d9">
         <name>.debug_frame</name>
         <load_address>0x110</load_address>
         <run_address>0x110</run_address>
         <size>0x8c</size>
         <input_file_ref idref="fl-5"/>
      </object_component>
      <object_component id="oc-cd">
         <name>.debug_frame</name>
         <load_address>0x19c</load_address>
         <run_address>0x19c</run_address>
         <size>0x8c</size>
         <input_file_ref idref="fl-6"/>
      </object_component>
      <object_component id="oc-16f">
         <name>.debug_frame</name>
         <load_address>0x228</load_address>
         <run_address>0x228</run_address>
         <size>0x54</size>
         <input_file_ref idref="fl-c"/>
      </object_component>
      <object_component id="oc-22f">
         <name>.debug_frame</name>
         <load_address>0x27c</load_address>
         <run_address>0x27c</run_address>
         <size>0x5c</size>
         <input_file_ref idref="fl-c"/>
      </object_component>
      <object_component id="oc-1a5">
         <name>.debug_frame</name>
         <load_address>0x2d8</load_address>
         <run_address>0x2d8</run_address>
         <size>0x6c</size>
         <input_file_ref idref="fl-c"/>
      </object_component>
      <object_component id="oc-216">
         <name>.debug_frame</name>
         <load_address>0x344</load_address>
         <run_address>0x344</run_address>
         <size>0x6c</size>
         <input_file_ref idref="fl-c"/>
      </object_component>
      <object_component id="oc-169">
         <name>.debug_frame</name>
         <load_address>0x3b0</load_address>
         <run_address>0x3b0</run_address>
         <size>0x58</size>
         <input_file_ref idref="fl-c"/>
      </object_component>
      <object_component id="oc-18d">
         <name>.debug_frame</name>
         <load_address>0x408</load_address>
         <run_address>0x408</run_address>
         <size>0x5c</size>
         <input_file_ref idref="fl-c"/>
      </object_component>
      <object_component id="oc-193">
         <name>.debug_frame</name>
         <load_address>0x464</load_address>
         <run_address>0x464</run_address>
         <size>0x54</size>
         <input_file_ref idref="fl-c"/>
      </object_component>
      <object_component id="oc-175">
         <name>.debug_frame</name>
         <load_address>0x4b8</load_address>
         <run_address>0x4b8</run_address>
         <size>0x58</size>
         <input_file_ref idref="fl-c"/>
      </object_component>
      <object_component id="oc-181">
         <name>.debug_frame</name>
         <load_address>0x510</load_address>
         <run_address>0x510</run_address>
         <size>0x54</size>
         <input_file_ref idref="fl-c"/>
      </object_component>
      <object_component id="oc-19f">
         <name>.debug_frame</name>
         <load_address>0x564</load_address>
         <run_address>0x564</run_address>
         <size>0x54</size>
         <input_file_ref idref="fl-c"/>
      </object_component>
      <object_component id="oc-187">
         <name>.debug_frame</name>
         <load_address>0x5b8</load_address>
         <run_address>0x5b8</run_address>
         <size>0x60</size>
         <input_file_ref idref="fl-c"/>
      </object_component>
      <object_component id="oc-1ee">
         <name>.debug_frame</name>
         <load_address>0x618</load_address>
         <run_address>0x618</run_address>
         <size>0x54</size>
         <input_file_ref idref="fl-d"/>
      </object_component>
      <object_component id="oc-1f4">
         <name>.debug_frame</name>
         <load_address>0x66c</load_address>
         <run_address>0x66c</run_address>
         <size>0x68</size>
         <input_file_ref idref="fl-d"/>
      </object_component>
      <object_component id="oc-151">
         <name>.debug_frame</name>
         <load_address>0x6d4</load_address>
         <run_address>0x6d4</run_address>
         <size>0x58</size>
         <input_file_ref idref="fl-d"/>
      </object_component>
      <object_component id="oc-17e">
         <name>.debug_frame</name>
         <load_address>0x72c</load_address>
         <run_address>0x72c</run_address>
         <size>0x58</size>
         <input_file_ref idref="fl-d"/>
      </object_component>
      <object_component id="oc-157">
         <name>.debug_frame</name>
         <load_address>0x784</load_address>
         <run_address>0x784</run_address>
         <size>0x58</size>
         <input_file_ref idref="fl-d"/>
      </object_component>
      <object_component id="oc-21f">
         <name>.debug_frame</name>
         <load_address>0x7dc</load_address>
         <run_address>0x7dc</run_address>
         <size>0x60</size>
         <input_file_ref idref="fl-e"/>
      </object_component>
      <object_component id="oc-198">
         <name>.debug_frame</name>
         <load_address>0x83c</load_address>
         <run_address>0x83c</run_address>
         <size>0x54</size>
         <input_file_ref idref="fl-e"/>
      </object_component>
      <object_component id="oc-13f">
         <name>.debug_frame</name>
         <load_address>0x890</load_address>
         <run_address>0x890</run_address>
         <size>0x54</size>
         <input_file_ref idref="fl-f"/>
      </object_component>
      <object_component id="oc-139">
         <name>.debug_frame</name>
         <load_address>0x8e4</load_address>
         <run_address>0x8e4</run_address>
         <size>0x54</size>
         <input_file_ref idref="fl-f"/>
      </object_component>
      <object_component id="oc-141">
         <name>.debug_frame</name>
         <load_address>0x938</load_address>
         <run_address>0x938</run_address>
         <size>0x60</size>
         <input_file_ref idref="fl-f"/>
      </object_component>
      <object_component id="oc-1e7">
         <name>.debug_frame</name>
         <load_address>0x998</load_address>
         <run_address>0x998</run_address>
         <size>0x54</size>
         <input_file_ref idref="fl-10"/>
      </object_component>
      <object_component id="oc-1e1">
         <name>.debug_frame</name>
         <load_address>0x9ec</load_address>
         <run_address>0x9ec</run_address>
         <size>0x54</size>
         <input_file_ref idref="fl-10"/>
      </object_component>
      <object_component id="oc-14b">
         <name>.debug_frame</name>
         <load_address>0xa40</load_address>
         <run_address>0xa40</run_address>
         <size>0x5c</size>
         <input_file_ref idref="fl-10"/>
      </object_component>
      <object_component id="oc-15a">
         <name>.debug_frame</name>
         <load_address>0xa9c</load_address>
         <run_address>0xa9c</run_address>
         <size>0x54</size>
         <input_file_ref idref="fl-10"/>
      </object_component>
      <object_component id="oc-130">
         <name>.debug_frame</name>
         <load_address>0xaf0</load_address>
         <run_address>0xaf0</run_address>
         <size>0x54</size>
         <input_file_ref idref="fl-10"/>
      </object_component>
      <object_component id="oc-d0">
         <name>.debug_frame</name>
         <load_address>0xb44</load_address>
         <run_address>0xb44</run_address>
         <size>0x54</size>
         <input_file_ref idref="fl-10"/>
      </object_component>
      <object_component id="oc-4b">
         <name>.debug_frame</name>
         <load_address>0xb98</load_address>
         <run_address>0xb98</run_address>
         <size>0x54</size>
         <input_file_ref idref="fl-c9"/>
      </object_component>
      <object_component id="oc-1c">
         <name>.debug_frame</name>
         <load_address>0xbec</load_address>
         <run_address>0xbec</run_address>
         <size>0x54</size>
         <input_file_ref idref="fl-ca"/>
      </object_component>
      <object_component id="oc-1a">
         <name>.debug_frame</name>
         <load_address>0xc40</load_address>
         <run_address>0xc40</run_address>
         <size>0x60</size>
         <input_file_ref idref="fl-cb"/>
      </object_component>
      <object_component id="oc-5e">
         <name>.debug_frame</name>
         <load_address>0xca0</load_address>
         <run_address>0xca0</run_address>
         <size>0x50</size>
         <input_file_ref idref="fl-cc"/>
      </object_component>
      <object_component id="oc-ff">
         <name>.debug_frame</name>
         <load_address>0xcf0</load_address>
         <run_address>0xcf0</run_address>
         <size>0x5c</size>
         <input_file_ref idref="fl-cf"/>
      </object_component>
      <object_component id="oc-96">
         <name>.debug_frame</name>
         <load_address>0xd4c</load_address>
         <run_address>0xd4c</run_address>
         <size>0x54</size>
         <input_file_ref idref="fl-d0"/>
      </object_component>
      <object_component id="oc-f3">
         <name>.debug_frame</name>
         <load_address>0xda0</load_address>
         <run_address>0xda0</run_address>
         <size>0x54</size>
         <input_file_ref idref="fl-d2"/>
      </object_component>
      <object_component id="oc-12c">
         <name>.debug_abbrev</name>
         <load_address>0x0</load_address>
         <run_address>0x0</run_address>
         <size>0xca</size>
         <input_file_ref idref="fl-2"/>
      </object_component>
      <object_component id="oc-1b2">
         <name>.debug_abbrev</name>
         <load_address>0xca</load_address>
         <run_address>0xca</run_address>
         <size>0x29</size>
         <input_file_ref idref="fl-2"/>
      </object_component>
      <object_component id="oc-1b0">
         <name>.debug_abbrev</name>
         <load_address>0xf3</load_address>
         <run_address>0xf3</run_address>
         <size>0x29</size>
         <input_file_ref idref="fl-2"/>
      </object_component>
      <object_component id="oc-1ae">
         <name>.debug_abbrev</name>
         <load_address>0x11c</load_address>
         <run_address>0x11c</run_address>
         <size>0x27</size>
         <input_file_ref idref="fl-2"/>
      </object_component>
      <object_component id="oc-e3">
         <name>.debug_abbrev</name>
         <load_address>0x143</load_address>
         <run_address>0x143</run_address>
         <size>0xa9</size>
         <input_file_ref idref="fl-2"/>
      </object_component>
      <object_component id="oc-eb">
         <name>.debug_abbrev</name>
         <load_address>0x1ec</load_address>
         <run_address>0x1ec</run_address>
         <size>0x42</size>
         <input_file_ref idref="fl-2"/>
      </object_component>
      <object_component id="oc-e6">
         <name>.debug_abbrev</name>
         <load_address>0x22e</load_address>
         <run_address>0x22e</run_address>
         <size>0x96</size>
         <input_file_ref idref="fl-2"/>
      </object_component>
      <object_component id="oc-72">
         <name>.debug_abbrev</name>
         <load_address>0x2c4</load_address>
         <run_address>0x2c4</run_address>
         <size>0x69</size>
         <input_file_ref idref="fl-2"/>
      </object_component>
      <object_component id="oc-b4">
         <name>.debug_abbrev</name>
         <load_address>0x32d</load_address>
         <run_address>0x32d</run_address>
         <size>0x1f</size>
         <input_file_ref idref="fl-2"/>
      </object_component>
      <object_component id="oc-af">
         <name>.debug_abbrev</name>
         <load_address>0x34c</load_address>
         <run_address>0x34c</run_address>
         <size>0x5c</size>
         <input_file_ref idref="fl-2"/>
      </object_component>
      <object_component id="oc-77">
         <name>.debug_abbrev</name>
         <load_address>0x3a8</load_address>
         <run_address>0x3a8</run_address>
         <size>0x24</size>
         <input_file_ref idref="fl-2"/>
      </object_component>
      <object_component id="oc-6e">
         <name>.debug_abbrev</name>
         <load_address>0x3cc</load_address>
         <run_address>0x3cc</run_address>
         <size>0x68</size>
[...]
            <object_component_ref idref="oc-5c"/>
            <object_component_ref idref="oc-3f"/>
            <object_component_ref idref="oc-fe"/>
            <object_component_ref idref="oc-99"/>
            <object_component_ref idref="oc-f1"/>
         </contents>
      </logical_group>
      <logical_group id="lg-2ac" display="never" color="cyan">
         <name>.debug_pubtypes</name>
         <load_address>0x0</load_address>
         <run_address>0x0</run_address>
         <size>0x12ef</size>
         <contents>
            <object_component_ref idref="oc-ea"/>
            <object_component_ref idref="oc-e5"/>
            <object_component_ref idref="oc-71"/>
            <object_component_ref idref="oc-b3"/>
            <object_component_ref idref="oc-ae"/>
            <object_component_ref idref="oc-76"/>
            <object_component_ref idref="oc-37"/>
            <object_component_ref idref="oc-26c"/>
            <object_component_ref idref="oc-206"/>
            <object_component_ref idref="oc-1ff"/>
            <object_component_ref idref="oc-222"/>
            <object_component_ref idref="oc-162"/>
            <object_component_ref idref="oc-8a"/>
            <object_component_ref idref="oc-c0"/>
            <object_component_ref idref="oc-42"/>
            <object_component_ref idref="oc-82"/>
            <object_component_ref idref="oc-32"/>
            <object_component_ref idref="oc-b9"/>
            <object_component_ref idref="oc-7b"/>
            <object_component_ref idref="oc-249"/>
            <object_component_ref idref="oc-280"/>
            <object_component_ref idref="oc-24e"/>
            <object_component_ref idref="oc-253"/>
         </contents>
      </logical_group>
      <logical_group id="lg-2ba" display="no" color="cyan">
         <name>Veneer$$CMSE</name>
         <run_address>0x0</run_address>
         <size>0x0</size>
         <contents>
         </contents>
      </logical_group>
      <load_segment id="lg-2c4" display="no" color="cyan">
         <name>SEGMENT_0</name>
         <load_address>0x0</load_address>
         <run_address>0x0</run_address>
         <size>0x1220</size>
         <flags>0x5</flags>
         <contents>
            <logical_group_ref idref="lg-3"/>
            <logical_group_ref idref="lg-4"/>
            <logical_group_ref idref="lg-5"/>
            <logical_group_ref idref="lg-6"/>
         </contents>
      </load_segment>
      <load_segment id="lg-2c5" display="no" color="cyan">
         <name>SEGMENT_1</name>
         <run_address>0x20000000</run_address>
         <size>0x2b90</size>
         <flags>0x6</flags>
         <contents>
            <logical_group_ref idref="lg-9"/>
            <logical_group_ref idref="lg-a"/>
            <logical_group_ref idref="lg-d"/>
         </contents>
      </load_segment>
   </logical_group_list>
   <placement_map>
      <memory_area display="yes" color="green">
         <name>FLASH</name>
         <page_id>0x0</page_id>
         <origin>0x0</origin>
         <length>0x40000</length>
         <used_space>0x121a</used_space>
         <unused_space>0x3ede6</unused_space>
         <attributes>RX</attributes>
         <usage_details>
            <allocated_space>
               <start_address>0x0</start_address>
               <size>0x26c</size>
               <logical_group_ref idref="lg-3"/>
            </allocated_space>
            <allocated_space>
               <start_address>0x26c</start_address>
               <size>0xe42</size>
               <logical_group_ref idref="lg-4"/>
            </allocated_space>
            <available_space>
               <start_address>0x10ae</start_address>
               <size>0x2</size>
            </available_space>
            <allocated_space>
               <start_address>0x10b0</start_address>
               <size>0x134</size>
               <logical_group_ref idref="lg-5"/>
            </allocated_space>
            <available_space>
               <start_address>0x11e4</start_address>
               <size>0x4</size>
            </available_space>
            <allocated_space>
               <start_address>0x11e8</start_address>
               <size>0x38</size>
               <logical_group_ref idref="lg-6"/>
            </allocated_space>
            <available_space>
               <start_address>0x1220</start_address>
               <size>0x3ede0</size>
            </available_space>
         </usage_details>
      </memory_area>
      <memory_area display="yes" color="green">
         <name>SRAM</name>
         <page_id>0x0</page_id>
         <origin>0x20000000</origin>
         <length>0x8000</length>
         <used_space>0x2b8c</used_space>
         <unused_space>0x5474</unused_space>
         <attributes>RWX</attributes>
         <usage_details>
            <allocated_space>
               <start_address>0x20000000</start_address>
               <size>0x0</size>
               <logical_group_ref idref="lg-28f"/>
            </allocated_space>
            <allocated_space>
               <start_address>0x20000000</start_address>
               <size>0x26c</size>
               <logical_group_ref idref="lg-9"/>
            </allocated_space>
            <allocated_space>
               <start_address>0x2000026c</start_address>
               <size>0x2720</size>
               <logical_group_ref idref="lg-a"/>
            </allocated_space>
            <available_space>
               <start_address>0x2000298c</start_address>
               <size>0x4</size>
            </available_space>
            <allocated_space>
               <start_address>0x20002990</start_address>
               <size>0x200</size>
               <logical_group_ref idref="lg-d"/>
            </allocated_space>
            <available_space>
               <start_address>0x20002b90</start_address>
               <size>0x5470</size>
            </available_space>
         </usage_details>
      </memory_area>
   </placement_map>
   <cptbl_list>
      <cptbl>
         <name>__TI_cinit_table</name>
         <cprec>
            <name>.data</name>
            <load_address>0x11e8</load_address>
            <load_size>0xe</load_size>
            <run_address>0x2000026c</run_address>
            <run_size>0x2720</run_size>
            <compression>lzss</compression>
         </cprec>
         <cprec>
            <name>.vtable</name>
            <load_address>0x1208</load_address>
            <load_size>0x8</load_size>
            <run_address>0x20000000</run_address>
            <run_size>0x26c</run_size>
            <compression>zero_init</compression>
         </cprec>
      </cptbl>
   </cptbl_list>
   <handler_table>
      <handler_table_name>__TI_handler_table</handler_table_name>
      <handler>
         <index>0x0</index>
         <name>__TI_zero_init</name>
      </handler>
      <handler>
         <index>0x1</index>
         <name>__TI_decompress_lzss</name>
      </handler>
      <handler>
         <index>0x2</index>
         <name>__TI_decompress_none</name>
      </handler>
   </handler_table>
   <symbol_table>
      <symbol id="sm-1">
         <name>__STACK_TOP</name>
         <value>0x20002b90</value>
      </symbol>
      <symbol id="sm-2">
         <name>__start___llvm_prf_cnts</name>
         <value>0x20000000</value>
      </symbol>
      <symbol id="sm-3">
         <name>__stop___llvm_prf_cnts</name>
         <value>0x20000000</value>
      </symbol>
      <symbol id="sm-4">
         <name>__TI_CINIT_Base</name>
         <value>0x1210</value>
      </symbol>
      <symbol id="sm-5">
         <name>__TI_CINIT_Limit</name>
         <value>0x1220</value>
      </symbol>
      <symbol id="sm-6">
         <name>__TI_Handler_Table_Base</name>
         <value>0x11f8</value>
      </symbol>
      <symbol id="sm-7">
         <name>__TI_Handler_Table_Limit</name>
         <value>0x1204</value>
      </symbol>
      <symbol id="sm-8">
         <name>binit</name>
         <value>0xffffffff</value>
      </symbol>
      <symbol id="sm-9">
         <name>__binit__</name>
         <value>0xffffffff</value>
      </symbol>
      <symbol id="sm-a">
         <name>__STACK_SIZE</name>
         <value>0x200</value>
      </symbol>
      <symbol id="sm-b">
         <name>__STACK_END</name>
         <value>0x20002b90</value>
      </symbol>
      <symbol id="sm-c">
         <name>__c_args__</name>
         <value>0xffffffff</value>
      </symbol>
      <symbol id="sm-d">
         <name>__TI_pprof_out_hndl</name>
         <value>0xffffffff</value>
      </symbol>
      <symbol id="sm-e">
         <name>__TI_prof_data_start</name>
         <value>0xffffffff</value>
      </symbol>
      <symbol id="sm-f">
         <name>__TI_prof_data_size</name>
         <value>0xffffffff</value>
      </symbol>
      <symbol id="sm-7d">
         <name>RecievedBufferPC</name>
         <value>0x2000026c</value>
         <object_component_ref idref="oc-dd"/>
      </symbol>
      <symbol id="sm-7e">
         <name>State</name>
         <value>0x2000298a</value>
         <object_component_ref idref="oc-e0"/>
      </symbol>
      <symbol id="sm-7f">
         <name>PC_Buffer_FULL</name>
         <value>0x20002987</value>
         <object_component_ref idref="oc-e0"/>
      </symbol>
      <symbol id="sm-80">
         <name>Recived_Byte</name>
         <value>0x20002986</value>
         <object_component_ref idref="oc-e0"/>
      </symbol>
      <symbol id="sm-81">
         <name>get_FileSize</name>
         <value>0x26d</value>
         <object_component_ref idref="oc-9b"/>
      </symbol>
      <symbol id="sm-82">
         <name>main</name>
         <value>0x31f</value>
         <object_component_ref idref="oc-9b"/>
      </symbol>
      <symbol id="sm-83">
         <name>PC_Index</name>
         <value>0x20002988</value>
         <object_component_ref idref="oc-e0"/>
      </symbol>
      <symbol id="sm-84">
         <name>Send_Flag</name>
         <value>0x2000298b</value>
         <object_component_ref idref="oc-e0"/>
      </symbol>
      <symbol id="sm-a5">
         <name>ResetISR</name>
         <value>0x107f</value>
         <object_component_ref idref="oc-27"/>
      </symbol>
      <symbol id="sm-a6">
         <name>g_pfnVectors</name>
         <value>0x0</value>
         <object_component_ref idref="oc-12"/>
      </symbol>
      <symbol id="sm-d0">
         <name>g_ui32MsgCount</name>
         <value>0x20002980</value>
         <object_component_ref idref="oc-1a9"/>
      </symbol>
      <symbol id="sm-d1">
         <name>can_init</name>
         <value>0x6a5</value>
         <object_component_ref idref="oc-d4"/>
      </symbol>
      <symbol id="sm-d2">
         <name>CANIntHandler</name>
         <value>0x635</value>
         <object_component_ref idref="oc-d4"/>
      </symbol>
      <symbol id="sm-d3">
         <name>can_send</name>
         <value>0x6f9</value>
         <object_component_ref idref="oc-d4"/>
      </symbol>
      <symbol id="sm-d4">
         <name>sent_Flag</name>
         <value>0x20002984</value>
         <object_component_ref idref="oc-1a9"/>
      </symbol>
      <symbol id="sm-d5">
         <name>g_bErrFlag</name>
         <value>0x2000297c</value>
         <object_component_ref idref="oc-1a9"/>
      </symbol>
      <symbol id="sm-ec">
         <name>send_StringPC</name>
         <value>0x9b1</value>
         <object_component_ref idref="oc-c8"/>
      </symbol>
      <symbol id="sm-ed">
         <name>uart_init</name>
         <value>0x9e9</value>
         <object_component_ref idref="oc-c8"/>
      </symbol>
      <symbol id="sm-ee">
         <name>IsDataAvailable</name>
         <value>0xa37</value>
         <object_component_ref idref="oc-c8"/>
      </symbol>
      <symbol id="sm-1a0">
         <name>CANIntRegister</name>
         <value>0xffd</value>
         <object_component_ref idref="oc-18b"/>
      </symbol>
      <symbol id="sm-1a1">
         <name>CANBitRateSet</name>
         <value>0xb6d</value>
         <object_component_ref idref="oc-185"/>
      </symbol>
      <symbol id="sm-1a2">
         <name>CANEnable</name>
         <value>0x108b</value>
         <object_component_ref idref="oc-19d"/>
      </symbol>
      <symbol id="sm-1a3">
         <name>CANStatusGet</name>
         <value>0xddd</value>
         <object_component_ref idref="oc-16d"/>
      </symbol>
      <symbol id="sm-1a4">
         <name>CANMessageSet</name>
         <value>0x769</value>
         <object_component_ref idref="oc-1a3"/>
      </symbol>
      <symbol id="sm-1a5">
         <name>CANIntClear</name>
         <value>0xf7d</value>
         <object_component_ref idref="oc-173"/>
      </symbol>
      <symbol id="sm-1a6">
         <name>CANIntStatus</name>
         <value>0xf9f</value>
         <object_component_ref idref="oc-167"/>
      </symbol>
      <symbol id="sm-1a7">
         <name>CANInit</name>
         <value>0xe1d</value>
         <object_component_ref idref="oc-17f"/>
      </symbol>
      <symbol id="sm-1a8">
         <name>CANIntEnable</name>
         <value>0x109f</value>
         <object_component_ref idref="oc-191"/>
      </symbol>
      <symbol id="sm-1ea">
         <name>GPIOPinConfigure</name>
         <value>0xd05</value>
         <object_component_ref idref="oc-152"/>
      </symbol>
      <symbol id="sm-1eb">
         <name>GPIOPinTypeUART</name>
         <value>0x102b</value>
         <object_component_ref idref="oc-14c"/>
      </symbol>
      <symbol id="sm-1ec">
         <name>GPIODirModeSet</name>
         <value>0xf2d</value>
         <object_component_ref idref="oc-1e9"/>
      </symbol>
      <symbol id="sm-1ed">
         <name>GPIOPadConfigSet</name>
         <value>0x4c9</value>
         <object_component_ref idref="oc-1ef"/>
      </symbol>
      <symbol id="sm-1ee">
         <name>GPIOPinTypeCAN</name>
         <value>0x1015</value>
         <object_component_ref idref="oc-179"/>
      </symbol>
      <symbol id="sm-21f">
         <name>IntEnable</name>
         <value>0xbd9</value>
         <object_component_ref idref="oc-197"/>
      </symbol>
      <symbol id="sm-220">
         <name>IntRegister</name>
         <value>0xe91</value>
         <object_component_ref idref="oc-21a"/>
      </symbol>
      <symbol id="sm-221">
         <name>g_pfnRAMVectors</name>
         <value>0x20000000</value>
         <object_component_ref idref="oc-273"/>
      </symbol>
      <symbol id="sm-267">
         <name>SysCtlPeripheralEnable</name>
         <value>0xec5</value>
         <object_component_ref idref="oc-134"/>
      </symbol>
      <symbol id="sm-268">
         <name>SysCtlClockGet</name>
         <value>0x899</value>
         <object_component_ref idref="oc-140"/>
      </symbol>
      <symbol id="sm-269">
         <name>SysCtlPeripheralReady</name>
         <value>0xe59</value>
         <object_component_ref idref="oc-13a"/>
      </symbol>
      <symbol id="sm-2a3">
         <name>UARTConfigSetExpClk</name>
         <value>0xd51</value>
         <object_component_ref idref="oc-146"/>
      </symbol>
      <symbol id="sm-2a4">
         <name>UARTDisable</name>
         <value>0xfc1</value>
         <object_component_ref idref="oc-1dc"/>
      </symbol>
      <symbol id="sm-2a5">
         <name>UARTCharsAvail</name>
         <value>0x1063</value>
         <object_component_ref idref="oc-158"/>
      </symbol>
      <symbol id="sm-2a6">
         <name>UARTCharGetNonBlocking</name>
         <value>0x1055</value>
         <object_component_ref idref="oc-ce"/>
      </symbol>
      <symbol id="sm-2a7">
         <name>UARTCharPut</name>
         <value>0x1095</value>
         <object_component_ref idref="oc-12e"/>
      </symbol>
      <symbol id="sm-2a8">
         <name>UARTEnable</name>
         <value>0x1041</value>
         <object_component_ref idref="oc-1e2"/>
      </symbol>
      <symbol id="sm-2b8">
         <name>__aeabi_memset</name>
         <value>0xaf3</value>
         <object_component_ref idref="oc-8f"/>
      </symbol>
      <symbol id="sm-2b9">
         <name>memset</name>
         <value>0xaf9</value>
         <object_component_ref idref="oc-8f"/>
      </symbol>
      <symbol id="sm-2ba">
         <name>__aeabi_memset8</name>
         <value>0xaf3</value>
         <object_component_ref idref="oc-8f"/>
      </symbol>
      <symbol id="sm-2bb">
         <name>__aeabi_memset4</name>
         <value>0xaf3</value>
         <object_component_ref idref="oc-8f"/>
      </symbol>
      <symbol id="sm-2bc">
         <name>__aeabi_memclr8</name>
         <value>0xaf1</value>
         <object_component_ref idref="oc-8f"/>
      </symbol>
      <symbol id="sm-2bd">
         <name>__aeabi_memclr4</name>
         <value>0xaf1</value>
         <object_component_ref idref="oc-8f"/>
      </symbol>
      <symbol id="sm-2be">
         <name>__aeabi_memclr</name>
         <value>0xaf1</value>
         <object_component_ref idref="oc-8f"/>
      </symbol>
      <symbol id="sm-2d8">
         <name>__TI_zero_init_nomemset</name>
         <value>0xfe1</value>
         <object_component_ref idref="oc-47"/>
      </symbol>
      <symbol id="sm-2ef">
         <name>__TI_decompress_none</name>
         <value>0x1071</value>
         <object_component_ref idref="oc-1b"/>
      </symbol>
      <symbol id="sm-312">
         <name>__TI_decompress_lzss</name>
         <value>0xc41</value>
         <object_component_ref idref="oc-15"/>
      </symbol>
      <symbol id="sm-325">
         <name>__stack</name>
         <value>0x20002990</value>
         <object_component_ref idref="oc-24"/>
      </symbol>
      <symbol id="sm-326">
         <name>_c_int00_noargs</name>
         <value>0xef9</value>
         <object_component_ref idref="oc-59"/>
      </symbol>
      <symbol id="sm-342">
         <name>memcpy</name>
         <value>0xa55</value>
         <object_component_ref idref="oc-3b"/>
      </symbol>
      <symbol id="sm-343">
         <name>__aeabi_memcpy</name>
         <value>0xa55</value>
         <object_component_ref idref="oc-3b"/>
      </symbol>
      <symbol id="sm-344">
         <name>__aeabi_memcpy8</name>
         <value>0xa55</value>
         <object_component_ref idref="oc-3b"/>
      </symbol>
      <symbol id="sm-345">
         <name>__aeabi_memcpy4</name>
         <value>0xa55</value>
         <object_component_ref idref="oc-3b"/>
      </symbol>
      <symbol id="sm-36d">
         <name>__TI_auto_init_nobinit_nopinit</name>
         <value>0xd99</value>
         <object_component_ref idref="oc-fa"/>
      </symbol>
      <symbol id="sm-377">
         <name>_system_pre_init</name>
         <value>0x10a7</value>
         <object_component_ref idref="oc-95"/>
      </symbol>
      <symbol id="sm-383">
         <name>C$$EXIT</name>
         <value>0x10ab</value>
         <object_component_ref idref="oc-ee"/>
      </symbol>
      <symbol id="sm-384">
         <name>abort</name>
         <value>0x10ab</value>
         <object_component_ref idref="oc-ee"/>
      </symbol>
      <symbol id="sm-387">
         <name>__TI_static_base__</name>
         <value>0x0</value>
      </symbol>
      <symbol id="sm-38a">
         <name>__mpu_init</name>
         <value>0x0</value>
      </symbol>
      <symbol id="sm-38b">
         <name>_system_post_cinit</name>
         <value>0x0</value>
      </symbol>
   </symbol_table>
   <title>Link successful</title>
</link_info>
