******************************************************************************
                  TI ARM Linker PC v20.2.7                     
******************************************************************************
>> Linked Sat Oct 14 14:06:20 2023

OUTPUT FILE NAME:   <Sending_Board_Final.out>
ENTRY POINT SYMBOL: "_c_int00_noargs"  address: 00000ee1


MEMORY CONFIGURATION

         name            origin    length      used     unused   attr    fill
----------------------  --------  ---------  --------  --------  ----  --------
  FLASH                 00000000   00040000  000011fe  0003ee02  R  X
  SRAM                  20000000   00008000  00002b8c  00005474  RW X


SEGMENT ALLOCATION MAP

run origin  load origin   length   init length attrs members
----------  ----------- ---------- ----------- ----- -------
00000000    00000000    00001200   00001200    r-x
  00000000    00000000    0000026c   0000026c    r-- .intvecs
  0000026c    0000026c    00000e2a   00000e2a    r-x .text
  00001098    00001098    00000130   00000130    r-- .const
  000011c8    000011c8    00000038   00000038    r-- .cinit
20000000    20000000    00002b90   00000000    rw-
  20000000    20000000    0000026c   00000000    rw- .vtable
  2000026c    2000026c    00002720   00000000    rw- .data
  20002990    20002990    00000200   00000000    rw- .stack


SECTION ALLOCATION MAP

 output                                  attributes/
section   page    origin      length       input sections
--------  ----  ----------  ----------   ----------------
.intvecs   0    00000000    0000026c     
                  00000000    0000026c     tm4c123gh6pm_startup_ccs.obj (.intvecs)

.text      0    0000026c    00000e2a     
                  0000026c    00000270     main.obj (.text)
                  000004dc    0000016c     driverlib.lib : gpio.obj (.text:GPIOPadConfigSet)
                  00000648    00000130                   : can.obj (.text:CANMessageSet)
                  00000778    00000118                   : sysctl.obj (.text:SysCtlClockGet)
                  00000890    00000108     CAN_TX.obj (.text)
                  00000998    000000a4     Hex_Recieve.obj (.text)
                  00000a3c    0000009c     rtsv7M4_T_le_v4SPD16_eabi.lib : memcpy_t2.asm.obj (.text)
                  00000ad8    0000007a                                   : memset_t2.asm.obj (.text)
                  00000b52    00000002     --HOLE-- [fill = 0]
                  00000b54    0000006c     driverlib.lib : can.obj (.text:CANBitRateSet)
                  00000bc0    00000068                   : interrupt.obj (.text:IntEnable)
                  00000c28    00000068     rtsv7M4_T_le_v4SPD16_eabi.lib : copy_decompress_lzss.c.obj (.text:decompress:lzss:__TI_decompress_lzss)
                  00000c90    0000005c     driverlib.lib : can.obj (.text:_CANIntNumberGet)
                  00000cec    0000004c                   : gpio.obj (.text:GPIOPinConfigure)
                  00000d38    00000046                   : uart.obj (.text:UARTConfigSetExpClk)
                  00000d7e    00000002     --HOLE-- [fill = 0]
                  00000d80    00000044     rtsv7M4_T_le_v4SPD16_eabi.lib : autoinit.c.obj (.text:__TI_auto_init_nobinit_nopinit:__TI_auto_init_nobinit_nopinit)
                  00000dc4    00000040     driverlib.lib : can.obj (.text:CANStatusGet)
                  00000e04    0000003a                   : can.obj (.text:CANInit)
                  00000e3e    00000002     --HOLE-- [fill = 0]
                  00000e40    00000038                   : sysctl.obj (.text:SysCtlPeripheralReady)
                  00000e78    00000034                   : interrupt.obj (.text:IntRegister)
                  00000eac    00000034                   : sysctl.obj (.text:SysCtlPeripheralEnable)
                  00000ee0    00000034     rtsv7M4_T_le_v4SPD16_eabi.lib : boot_cortex_m.c.obj (.text:_c_int00_noargs:_c_int00_noargs)
                  00000f14    0000002c     driverlib.lib : gpio.obj (.text:GPIODirModeSet)
                  00000f40    00000024                   : can.obj (.text:_CANDataRegWrite)
                  00000f64    00000022                   : can.obj (.text:CANIntClear)
                  00000f86    00000020                   : can.obj (.text:CANIntStatus)
                  00000fa6    00000002     --HOLE-- [fill = 0]
                  00000fa8    00000020                   : uart.obj (.text:UARTDisable)
                  00000fc8    0000001c     rtsv7M4_T_le_v4SPD16_eabi.lib : copy_zero_init.c.obj (.text:decompress:ZI:__TI_zero_init_nomemset:__TI_zero_init_nomemset)
                  00000fe4    00000018     driverlib.lib : can.obj (.text:CANIntRegister)
                  00000ffc    00000016                   : gpio.obj (.text:GPIOPinTypeCAN)
                  00001012    00000016                   : gpio.obj (.text:GPIOPinTypeUART)
                  00001028    00000014                   : uart.obj (.text:UARTEnable)
                  0000103c    0000000e                   : uart.obj (.text:UARTCharGetNonBlocking)
                  0000104a    0000000e                   : uart.obj (.text:UARTCharsAvail)
                  00001058    0000000e     rtsv7M4_T_le_v4SPD16_eabi.lib : copy_decompress_none.c.obj (.text:decompress:none:__TI_decompress_none)
                  00001066    0000000c     tm4c123gh6pm_startup_ccs.obj (.text)
                  00001072    0000000a     driverlib.lib : can.obj (.text:CANEnable)
                  0000107c    0000000a                   : uart.obj (.text:UARTCharPut)
                  00001086    00000008                   : can.obj (.text:CANIntEnable)
                  0000108e    00000004     rtsv7M4_T_le_v4SPD16_eabi.lib : pre_init.c.obj (.text:_system_pre_init)
                  00001092    00000004                                   : exit.c.obj (.text:abort:abort)

.const     0    00001098    00000130     
                  00001098    00000090     driverlib.lib : gpio.obj (.const:g_pui32GPIOBaseAddrs)
                  00001128    0000006c                   : sysctl.obj (.const:g_pui32Xtals)
                  00001194    00000020                   : can.obj (.const:g_ui16CANBitValues)
                  000011b4    00000014                   : interrupt.obj (.const:g_pui32EnRegs)

.cinit     0    000011c8    00000038     
                  000011c8    0000000e     (.cinit..data.load) [load image, compression = lzss]
                  000011d6    00000002     --HOLE-- [fill = 0]
                  000011d8    0000000c     (__TI_handler_table)
                  000011e4    00000004     --HOLE-- [fill = 0]
                  000011e8    00000008     (.cinit..vtable.load) [load image, compression = zero_init]
                  000011f0    00000010     (__TI_cinit_table)

.init_array 
*          0    00000000    00000000     UNINITIALIZED

.vtable    0    20000000    0000026c     UNINITIALIZED
                  20000000    0000026c     driverlib.lib : interrupt.obj (.vtable)

.data      0    2000026c    00002720     UNINITIALIZED
                  2000026c    00002710     main.obj (.data:RecievedBufferPC)
                  2000297c    00000009     CAN_TX.obj (.data)
                  20002985    00000001     --HOLE--
                  20002986    00000006     main.obj (.data)

.stack     0    20002990    00000200     UNINITIALIZED
                  20002990    00000004     rtsv7M4_T_le_v4SPD16_eabi.lib : boot_cortex_m.c.obj (.stack)
                  20002994    000001fc     --HOLE--

__llvm_prf_cnts 
*          0    20000000    00000000     UNINITIALIZED

MODULE SUMMARY

       Module                         code   ro data   rw data
       ------                         ----   -------   -------
    .\
       main.obj                       624    0         10006  
       tm4c123gh6pm_startup_ccs.obj   12     620       0      
    +--+------------------------------+------+---------+---------+
       Total:                         636    620       10006  
                                                              
    .\HAL\CAN_TX\
       CAN_TX.obj                     264    0         9      
    +--+------------------------------+------+---------+---------+
       Total:                         264    0         9      
                                                              
    .\HAL\Hex_Recieve\
       Hex_Recieve.obj                164    0         0      
    +--+------------------------------+------+---------+---------+
       Total:                         164    0         0      
                                                              
    C:/ti/TivaWare_C_Series-2.2.0.295/driverlib/ccs/Debug/driverlib.lib
       can.obj                        770    32        0      
       interrupt.obj                  156    20        620    
       gpio.obj                       528    144       0      
       sysctl.obj                     388    108       0      
       uart.obj                       160    0         0      
    +--+------------------------------+------+---------+---------+
       Total:                         2002   304       620    
                                                              
    C:\ti\ccs1240\ccs\tools\compiler\ti-cgt-arm_20.2.7.LTS\lib\rtsv7M4_T_le_v4SPD16_eabi.lib
       memcpy_t2.asm.obj              156    0         0      
       memset_t2.asm.obj              122    0         0      
       copy_decompress_lzss.c.obj     104    0         0      
       autoinit.c.obj                 68     0         0      
       boot_cortex_m.c.obj            52     0         0      
       copy_zero_init.c.obj           28     0         0      
       copy_decompress_none.c.obj     14     0         0      
       exit.c.obj                     4      0         0      
       pre_init.c.obj                 4      0         0      
    +--+------------------------------+------+---------+---------+
       Total:                         552    0         0      
                                                              
       Stack:                         0      0         512    
       Linker Generated:              0      50        0      
    +--+------------------------------+------+---------+---------+
       Grand Total:                   3618   974       11147  


LINKER GENERATED COPY TABLES

__TI_cinit_table @ 000011f0 records: 2, size/record: 8, table size: 16
	.data: load addr=000011c8, load size=0000000e bytes, run addr=2000026c, run size=00002720 bytes, compression=lzss
	.vtable: load addr=000011e8, load size=00000008 bytes, run addr=20000000, run size=0000026c bytes, compression=zero_init


LINKER GENERATED HANDLER TABLE

__TI_handler_table @ 000011d8 records: 3, size/record: 4, table size: 12
	index: 0, handler: __TI_zero_init
	index: 1, handler: __TI_decompress_lzss
	index: 2, handler: __TI_decompress_none


GLOBAL SYMBOLS: SORTED ALPHABETICALLY BY Name 

address   name                          
-------   ----                          
00001093  C$$EXIT                       
00000b55  CANBitRateSet                 
00001073  CANEnable                     
00000e05  CANInit                       
00000f65  CANIntClear                   
00001087  CANIntEnable                  
00000891  CANIntHandler                 
00000fe5  CANIntRegister                
00000f87  CANIntStatus                  
00000649  CANMessageSet                 
00000dc5  CANStatusGet                  
00000f15  GPIODirModeSet                
000004dd  GPIOPadConfigSet              
00000ced  GPIOPinConfigure              
00000ffd  GPIOPinTypeCAN                
00001013  GPIOPinTypeUART               
00000bc1  IntEnable                     
00000e79  IntRegister                   
00000a1f  IsDataAvailable               
20002987  PC_Buffer_FULL                
20002988  PC_Index                      
2000026c  RecievedBufferPC              
20002986  Recived_Byte                  
00001067  ResetISR                      
2000298b  Send_Flag                     
2000298a  State                         
00000779  SysCtlClockGet                
00000ead  SysCtlPeripheralEnable        
00000e41  SysCtlPeripheralReady         
0000103d  UARTCharGetNonBlocking        
0000107d  UARTCharPut                   
0000104b  UARTCharsAvail                
00000d39  UARTConfigSetExpClk           
00000fa9  UARTDisable                   
00001029  UARTEnable                    
20002b90  __STACK_END                   
00000200  __STACK_SIZE                  
20002b90  __STACK_TOP                   
000011f0  __TI_CINIT_Base               
00001200  __TI_CINIT_Limit              
000011d8  __TI_Handler_Table_Base       
000011e4  __TI_Handler_Table_Limit      
00000d81  __TI_auto_init_nobinit_nopinit
00000c29  __TI_decompress_lzss          
00001059  __TI_decompress_none          
ffffffff  __TI_pprof_out_hndl           
ffffffff  __TI_prof_data_size           
ffffffff  __TI_prof_data_start          
00000000  __TI_static_base__            
00000fc9  __TI_zero_init_nomemset       
00000ad9  __aeabi_memclr                
00000ad9  __aeabi_memclr4               
00000ad9  __aeabi_memclr8               
00000a3d  __aeabi_memcpy                
00000a3d  __aeabi_memcpy4               
00000a3d  __aeabi_memcpy8               
00000adb  __aeabi_memset                
00000adb  __aeabi_memset4               
00000adb  __aeabi_memset8               
ffffffff  __binit__                     
ffffffff  __c_args__                    
UNDEFED   __mpu_init                    
20002990  __stack                       
20000000  __start___llvm_prf_cnts       
20000000  __stop___llvm_prf_cnts        
00000ee1  _c_int00_noargs               
UNDEFED   _system_post_cinit            
0000108f  _system_pre_init              
00001093  abort                         
ffffffff  binit                         
000008dd  can_init                      
00000931  can_send                      
2000297c  g_bErrFlag                    
20000000  g_pfnRAMVectors               
00000000  g_pfnVectors                  
20002980  g_ui32MsgCount                
0000026d  get_FileSize                  
0000031f  main                          
00000a3d  memcpy                        
00000ae1  memset                        
00000999  send_StringPC                 
20002984  sent_Flag                     
000009d1  uart_init                     


GLOBAL SYMBOLS: SORTED BY Symbol Address 

address   name                          
-------   ----                          
00000000  __TI_static_base__            
00000000  g_pfnVectors                  
00000200  __STACK_SIZE                  
0000026d  get_FileSize                  
0000031f  main                          
000004dd  GPIOPadConfigSet              
00000649  CANMessageSet                 
00000779  SysCtlClockGet                
00000891  CANIntHandler                 
000008dd  can_init                      
00000931  can_send                      
00000999  send_StringPC                 
000009d1  uart_init                     
00000a1f  IsDataAvailable               
00000a3d  __aeabi_memcpy                
00000a3d  __aeabi_memcpy4               
00000a3d  __aeabi_memcpy8               
00000a3d  memcpy                        
00000ad9  __aeabi_memclr                
00000ad9  __aeabi_memclr4               
00000ad9  __aeabi_memclr8               
00000adb  __aeabi_memset                
00000adb  __aeabi_memset4               
00000adb  __aeabi_memset8               
00000ae1  memset                        
00000b55  CANBitRateSet                 
00000bc1  IntEnable                     
00000c29  __TI_decompress_lzss          
00000ced  GPIOPinConfigure              
00000d39  UARTConfigSetExpClk           
00000d81  __TI_auto_init_nobinit_nopinit
00000dc5  CANStatusGet                  
00000e05  CANInit                       
00000e41  SysCtlPeripheralReady         
00000e79  IntRegister                   
00000ead  SysCtlPeripheralEnable        
00000ee1  _c_int00_noargs               
00000f15  GPIODirModeSet                
00000f65  CANIntClear                   
00000f87  CANIntStatus                  
00000fa9  UARTDisable                   
00000fc9  __TI_zero_init_nomemset       
00000fe5  CANIntRegister                
00000ffd  GPIOPinTypeCAN                
00001013  GPIOPinTypeUART               
00001029  UARTEnable                    
0000103d  UARTCharGetNonBlocking        
0000104b  UARTCharsAvail                
00001059  __TI_decompress_none          
00001067  ResetISR                      
00001073  CANEnable                     
0000107d  UARTCharPut                   
00001087  CANIntEnable                  
0000108f  _system_pre_init              
00001093  C$$EXIT                       
00001093  abort                         
000011d8  __TI_Handler_Table_Base       
000011e4  __TI_Handler_Table_Limit      
000011f0  __TI_CINIT_Base               
00001200  __TI_CINIT_Limit              
20000000  __start___llvm_prf_cnts       
20000000  __stop___llvm_prf_cnts        
20000000  g_pfnRAMVectors               
2000026c  RecievedBufferPC              
2000297c  g_bErrFlag                    
20002980  g_ui32MsgCount                
20002984  sent_Flag                     
20002986  Recived_Byte                  
20002987  PC_Buffer_FULL                
20002988  PC_Index                      
2000298a  State                         
2000298b  Send_Flag                     
20002990  __stack                       
20002b90  __STACK_END                   
20002b90  __STACK_TOP                   
ffffffff  __TI_pprof_out_hndl           
ffffffff  __TI_prof_data_size           
ffffffff  __TI_prof_data_start          
ffffffff  __binit__                     
ffffffff  __c_args__                    
ffffffff  binit                         
UNDEFED   __mpu_init                    
UNDEFED   _system_post_cinit            

[83 symbols]
